Component: ARM Compiler 5.06 (build 20) Tool: armlink [4d35a3]

==============================================================================

Section Cross References

    main.o(i.in_pin_handler) refers to nrf_delay.o(i.nrf_delay_ms) for nrf_delay_ms
    main.o(i.in_pin_handler) refers to nrf_drv_gpiote.o(i.nrf_drv_gpiote_in_is_set) for nrf_drv_gpiote_in_is_set
    main.o(i.in_pin_handler) refers to printf1.o(i.__0printf$1) for __2printf
    main.o(i.main) refers to nrf_delay.o(i.nrf_delay_ms) for nrf_delay_ms
    main.o(i.main) refers to main.o(i.uart_init) for uart_init
    main.o(i.main) refers to printf1.o(i.__0printf$1) for __2printf
    main.o(i.main) refers to nrf_drv_gpiote.o(i.nrf_drv_gpiote_is_init) for nrf_drv_gpiote_is_init
    main.o(i.main) refers to nrf_drv_gpiote.o(i.nrf_drv_gpiote_init) for nrf_drv_gpiote_init
    main.o(i.main) refers to nrf_drv_gpiote.o(i.nrf_drv_gpiote_in_init) for nrf_drv_gpiote_in_init
    main.o(i.main) refers to nrf_drv_gpiote.o(i.nrf_drv_gpiote_in_event_enable) for nrf_drv_gpiote_in_event_enable
    main.o(i.main) refers to main.o(.constdata) for .constdata
    main.o(i.main) refers to main.o(i.in_pin_handler) for in_pin_handler
    main.o(i.uart_error_handle) refers to app_error.o(i.app_error_handler_bare) for app_error_handler_bare
    main.o(i.uart_init) refers to app_uart_fifo.o(i.app_uart_init) for app_uart_init
    main.o(i.uart_init) refers to app_error.o(i.app_error_handler_bare) for app_error_handler_bare
    main.o(i.uart_init) refers to main.o(.constdata) for .constdata
    main.o(i.uart_init) refers to main.o(.data) for .data
    main.o(i.uart_init) refers to main.o(.bss) for .bss
    main.o(i.uart_init) refers to main.o(i.uart_error_handle) for uart_error_handle
    arm_startup_nrf52.o(RESET) refers to arm_startup_nrf52.o(STACK) for __initial_sp
    arm_startup_nrf52.o(RESET) refers to arm_startup_nrf52.o(.text) for Reset_Handler
    arm_startup_nrf52.o(RESET) refers to nrf_drv_uart.o(i.UARTE0_UART0_IRQHandler) for UARTE0_UART0_IRQHandler
    arm_startup_nrf52.o(RESET) refers to nrf_drv_gpiote.o(i.GPIOTE_IRQHandler) for GPIOTE_IRQHandler
    arm_startup_nrf52.o(.text) refers to system_nrf52.o(i.SystemInit) for SystemInit
    arm_startup_nrf52.o(.text) refers to entry.o(.ARM.Collect$$$$00000000) for __main
    system_nrf52.o(i.SystemCoreClockUpdate) refers to system_nrf52.o(.data) for .data
    system_nrf52.o(i.SystemInit) refers to system_nrf52.o(.data) for .data
    nrf_delay.o(i.nrf_delay_ms) refers to nrf_delay.o(.emb_text) for __asm___11_nrf_delay_c_532987f3__nrf_delay_us
    nrf_drv_uart.o(i.UARTE0_UART0_IRQHandler) refers to nrf_drv_uart.o(i.uarte_irq_handler) for uarte_irq_handler
    nrf_drv_uart.o(i.UARTE0_UART0_IRQHandler) refers to nrf_drv_uart.o(i.uart_irq_handler) for uart_irq_handler
    nrf_drv_uart.o(i.UARTE0_UART0_IRQHandler) refers to nrf_drv_uart.o(.bss) for .bss
    nrf_drv_uart.o(i.apply_config) refers to nrf_drv_uart.o(i.nrf_gpio_cfg_output) for nrf_gpio_cfg_output
    nrf_drv_uart.o(i.apply_config) refers to nrf_drv_uart.o(i.nrf_gpio_cfg_input) for nrf_gpio_cfg_input
    nrf_drv_uart.o(i.apply_config) refers to nrf_drv_uart.o(.bss) for .bss
    nrf_drv_uart.o(i.nrf_drv_uart_errorsrc_get) refers to nrf_drv_uart.o(.bss) for .bss
    nrf_drv_uart.o(i.nrf_drv_uart_init) refers to nrf_drv_uart.o(i.apply_config) for apply_config
    nrf_drv_uart.o(i.nrf_drv_uart_init) refers to nrf_drv_common.o(i.nrf_drv_common_irq_enable) for nrf_drv_common_irq_enable
    nrf_drv_uart.o(i.nrf_drv_uart_init) refers to nrf_drv_uart.o(.bss) for .bss
    nrf_drv_uart.o(i.nrf_drv_uart_init) refers to nrf_drv_uart.o(.constdata) for .constdata
    nrf_drv_uart.o(i.nrf_drv_uart_rx) refers to nrf_drv_uart.o(i.nrf_drv_uart_rx_for_uarte) for nrf_drv_uart_rx_for_uarte
    nrf_drv_uart.o(i.nrf_drv_uart_rx) refers to nrf_drv_uart.o(i.nrf_drv_uart_rx_for_uart) for nrf_drv_uart_rx_for_uart
    nrf_drv_uart.o(i.nrf_drv_uart_rx) refers to nrf_drv_uart.o(.bss) for .bss
    nrf_drv_uart.o(i.nrf_drv_uart_rx_abort) refers to nrf_drv_uart.o(.bss) for .bss
    nrf_drv_uart.o(i.nrf_drv_uart_rx_disable) refers to nrf_drv_uart.o(.bss) for .bss
    nrf_drv_uart.o(i.nrf_drv_uart_rx_enable) refers to nrf_drv_uart.o(i.rx_enable) for rx_enable
    nrf_drv_uart.o(i.nrf_drv_uart_rx_enable) refers to nrf_drv_uart.o(.bss) for .bss
    nrf_drv_uart.o(i.nrf_drv_uart_rx_for_uart) refers to nrf_drv_uart.o(i.rx_enable) for rx_enable
    nrf_drv_uart.o(i.nrf_drv_uart_rx_for_uart) refers to nrf_drv_uart.o(i.nrf_uart_event_check) for nrf_uart_event_check
    nrf_drv_uart.o(i.nrf_drv_uart_rx_for_uart) refers to nrf_drv_uart.o(i.rx_byte) for rx_byte
    nrf_drv_uart.o(i.nrf_drv_uart_rx_for_uart) refers to nrf_drv_uart.o(.bss) for .bss
    nrf_drv_uart.o(i.nrf_drv_uart_rx_for_uarte) refers to nrf_drv_uart.o(i.nrf_uarte_event_check) for nrf_uarte_event_check
    nrf_drv_uart.o(i.nrf_drv_uart_rx_for_uarte) refers to nrf_drv_uart.o(.bss) for .bss
    nrf_drv_uart.o(i.nrf_drv_uart_tx) refers to nrf_drv_uart.o(i.nrf_uarte_event_check) for nrf_uarte_event_check
    nrf_drv_uart.o(i.nrf_drv_uart_tx) refers to nrf_drv_uart.o(i.nrf_drv_uart_tx_for_uart) for nrf_drv_uart_tx_for_uart
    nrf_drv_uart.o(i.nrf_drv_uart_tx) refers to nrf_drv_uart.o(.bss) for .bss
    nrf_drv_uart.o(i.nrf_drv_uart_tx_abort) refers to nrf_drv_uart.o(i.nrf_uarte_event_check) for nrf_uarte_event_check
    nrf_drv_uart.o(i.nrf_drv_uart_tx_abort) refers to nrf_drv_uart.o(i.tx_done_event) for tx_done_event
    nrf_drv_uart.o(i.nrf_drv_uart_tx_abort) refers to nrf_drv_uart.o(.bss) for .bss
    nrf_drv_uart.o(i.nrf_drv_uart_tx_for_uart) refers to nrf_drv_uart.o(i.tx_byte) for tx_byte
    nrf_drv_uart.o(i.nrf_drv_uart_tx_for_uart) refers to nrf_drv_uart.o(i.nrf_uart_event_check) for nrf_uart_event_check
    nrf_drv_uart.o(i.nrf_drv_uart_tx_for_uart) refers to nrf_drv_uart.o(.bss) for .bss
    nrf_drv_uart.o(i.nrf_drv_uart_uninit) refers to nrf_drv_uart.o(i.pins_to_default) for pins_to_default
    nrf_drv_uart.o(i.nrf_drv_uart_uninit) refers to nrf_drv_uart.o(.bss) for .bss
    nrf_drv_uart.o(i.nrf_gpio_cfg_default) refers to nrf_drv_uart.o(i.nrf_gpio_cfg) for nrf_gpio_cfg
    nrf_drv_uart.o(i.nrf_gpio_cfg_input) refers to nrf_drv_uart.o(i.nrf_gpio_cfg) for nrf_gpio_cfg
    nrf_drv_uart.o(i.nrf_gpio_cfg_output) refers to nrf_drv_uart.o(i.nrf_gpio_cfg) for nrf_gpio_cfg
    nrf_drv_uart.o(i.pins_to_default) refers to nrf_drv_uart.o(i.nrf_gpio_cfg_default) for nrf_gpio_cfg_default
    nrf_drv_uart.o(i.rx_byte) refers to nrf_drv_uart.o(.bss) for .bss
    nrf_drv_uart.o(i.rx_done_event) refers to nrf_drv_uart.o(.bss) for .bss
    nrf_drv_uart.o(i.tx_byte) refers to nrf_drv_uart.o(.bss) for .bss
    nrf_drv_uart.o(i.tx_done_event) refers to nrf_drv_uart.o(.bss) for .bss
    nrf_drv_uart.o(i.uart_irq_handler) refers to nrf_drv_uart.o(i.nrf_uart_int_enable_check) for nrf_uart_int_enable_check
    nrf_drv_uart.o(i.uart_irq_handler) refers to nrf_drv_uart.o(i.nrf_uart_event_check) for nrf_uart_event_check
    nrf_drv_uart.o(i.uart_irq_handler) refers to nrf_drv_uart.o(i.rx_byte) for rx_byte
    nrf_drv_uart.o(i.uart_irq_handler) refers to nrf_drv_uart.o(i.rx_done_event) for rx_done_event
    nrf_drv_uart.o(i.uart_irq_handler) refers to nrf_drv_uart.o(i.tx_byte) for tx_byte
    nrf_drv_uart.o(i.uart_irq_handler) refers to nrf_drv_uart.o(i.tx_done_event) for tx_done_event
    nrf_drv_uart.o(i.uart_irq_handler) refers to nrf_drv_uart.o(.bss) for .bss
    nrf_drv_uart.o(i.uarte_irq_handler) refers to nrf_drv_uart.o(i.nrf_uarte_event_check) for nrf_uarte_event_check
    nrf_drv_uart.o(i.uarte_irq_handler) refers to nrf_drv_uart.o(i.rx_done_event) for rx_done_event
    nrf_drv_uart.o(i.uarte_irq_handler) refers to nrf_drv_uart.o(i.tx_done_event) for tx_done_event
    nrf_drv_uart.o(i.uarte_irq_handler) refers to nrf_drv_uart.o(.bss) for .bss
    app_uart_fifo.o(i.app_uart_close) refers to nrf_drv_uart.o(i.nrf_drv_uart_uninit) for nrf_drv_uart_uninit
    app_uart_fifo.o(i.app_uart_flush) refers to app_fifo.o(i.app_fifo_flush) for app_fifo_flush
    app_uart_fifo.o(i.app_uart_flush) refers to app_uart_fifo.o(.bss) for .bss
    app_uart_fifo.o(i.app_uart_get) refers to nrf_drv_uart.o(i.nrf_drv_uart_rx) for nrf_drv_uart_rx
    app_uart_fifo.o(i.app_uart_get) refers to app_fifo.o(i.app_fifo_get) for app_fifo_get
    app_uart_fifo.o(i.app_uart_get) refers to app_uart_fifo.o(.bss) for .bss
    app_uart_fifo.o(i.app_uart_get) refers to app_uart_fifo.o(.data) for .data
    app_uart_fifo.o(i.app_uart_init) refers to app_fifo.o(i.app_fifo_init) for app_fifo_init
    app_uart_fifo.o(i.app_uart_init) refers to memcpya.o(.text) for __aeabi_memcpy4
    app_uart_fifo.o(i.app_uart_init) refers to nrf_drv_uart.o(i.nrf_drv_uart_init) for nrf_drv_uart_init
    app_uart_fifo.o(i.app_uart_init) refers to nrf_drv_uart.o(i.nrf_drv_uart_rx_enable) for nrf_drv_uart_rx_enable
    app_uart_fifo.o(i.app_uart_init) refers to nrf_drv_uart.o(i.nrf_drv_uart_rx) for nrf_drv_uart_rx
    app_uart_fifo.o(i.app_uart_init) refers to app_uart_fifo.o(.data) for .data
    app_uart_fifo.o(i.app_uart_init) refers to app_uart_fifo.o(.bss) for .bss
    app_uart_fifo.o(i.app_uart_init) refers to app_uart_fifo.o(.constdata) for .constdata
    app_uart_fifo.o(i.app_uart_init) refers to app_uart_fifo.o(i.uart_event_handler) for uart_event_handler
    app_uart_fifo.o(i.app_uart_put) refers to nrf_drv_uart.o(i.nrf_drv_uart_tx) for nrf_drv_uart_tx
    app_uart_fifo.o(i.app_uart_put) refers to app_fifo.o(i.app_fifo_put) for app_fifo_put
    app_uart_fifo.o(i.app_uart_put) refers to app_uart_fifo.o(.data) for .data
    app_uart_fifo.o(i.app_uart_put) refers to app_uart_fifo.o(.bss) for .bss
    app_uart_fifo.o(i.uart_event_handler) refers to app_fifo.o(i.app_fifo_get) for app_fifo_get
    app_uart_fifo.o(i.uart_event_handler) refers to app_fifo.o(i.app_fifo_put) for app_fifo_put
    app_uart_fifo.o(i.uart_event_handler) refers to nrf_drv_uart.o(i.nrf_drv_uart_rx) for nrf_drv_uart_rx
    app_uart_fifo.o(i.uart_event_handler) refers to nrf_drv_uart.o(i.nrf_drv_uart_tx) for nrf_drv_uart_tx
    app_uart_fifo.o(i.uart_event_handler) refers to app_uart_fifo.o(.data) for .data
    app_uart_fifo.o(i.uart_event_handler) refers to app_uart_fifo.o(.bss) for .bss
    nrf_drv_gpiote.o(i.GPIOTE_IRQHandler) refers to nrf_drv_gpiote.o(i.nrf_gpiote_event_is_set) for nrf_gpiote_event_is_set
    nrf_drv_gpiote.o(i.GPIOTE_IRQHandler) refers to nrf_drv_gpiote.o(i.nrf_gpiote_event_clear) for nrf_gpiote_event_clear
    nrf_drv_gpiote.o(i.GPIOTE_IRQHandler) refers to nrf_drv_gpiote.o(i.channel_port_get) for channel_port_get
    nrf_drv_gpiote.o(i.GPIOTE_IRQHandler) refers to nrf_drv_gpiote.o(i.nrf_gpio_cfg_sense_set) for nrf_gpio_cfg_sense_set
    nrf_drv_gpiote.o(i.GPIOTE_IRQHandler) refers to nrf_drv_gpiote.o(.bss) for .bss
    nrf_drv_gpiote.o(i.channel_free) refers to nrf_drv_gpiote.o(.bss) for .bss
    nrf_drv_gpiote.o(i.channel_port_alloc) refers to nrf_drv_gpiote.o(.bss) for .bss
    nrf_drv_gpiote.o(i.channel_port_get) refers to nrf_drv_gpiote.o(.bss) for .bss
    nrf_drv_gpiote.o(i.nrf_drv_gpiote_in_event_addr_get) refers to nrf_drv_gpiote.o(i.channel_port_get) for channel_port_get
    nrf_drv_gpiote.o(i.nrf_drv_gpiote_in_event_disable) refers to nrf_drv_gpiote.o(i.pin_in_use_by_port) for pin_in_use_by_port
    nrf_drv_gpiote.o(i.nrf_drv_gpiote_in_event_disable) refers to nrf_drv_gpiote.o(i.nrf_gpio_cfg_sense_set) for nrf_gpio_cfg_sense_set
    nrf_drv_gpiote.o(i.nrf_drv_gpiote_in_event_disable) refers to nrf_drv_gpiote.o(i.pin_in_use_by_te) for pin_in_use_by_te
    nrf_drv_gpiote.o(i.nrf_drv_gpiote_in_event_disable) refers to nrf_drv_gpiote.o(i.channel_port_get) for channel_port_get
    nrf_drv_gpiote.o(i.nrf_drv_gpiote_in_event_enable) refers to nrf_drv_gpiote.o(i.pin_in_use_by_port) for pin_in_use_by_port
    nrf_drv_gpiote.o(i.nrf_drv_gpiote_in_event_enable) refers to nrf_drv_gpiote.o(i.channel_port_get) for channel_port_get
    nrf_drv_gpiote.o(i.nrf_drv_gpiote_in_event_enable) refers to nrf_drv_gpiote.o(i.nrf_gpio_cfg_sense_set) for nrf_gpio_cfg_sense_set
    nrf_drv_gpiote.o(i.nrf_drv_gpiote_in_event_enable) refers to nrf_drv_gpiote.o(i.pin_in_use_by_te) for pin_in_use_by_te
    nrf_drv_gpiote.o(i.nrf_drv_gpiote_in_event_enable) refers to nrf_drv_gpiote.o(i.nrf_gpiote_event_clear) for nrf_gpiote_event_clear
    nrf_drv_gpiote.o(i.nrf_drv_gpiote_in_event_enable) refers to nrf_drv_gpiote.o(.bss) for .bss
    nrf_drv_gpiote.o(i.nrf_drv_gpiote_in_init) refers to nrf_drv_gpiote.o(i.channel_port_alloc) for channel_port_alloc
    nrf_drv_gpiote.o(i.nrf_drv_gpiote_in_init) refers to nrf_drv_gpiote.o(i.nrf_gpio_cfg) for nrf_gpio_cfg
    nrf_drv_gpiote.o(i.nrf_drv_gpiote_in_init) refers to nrf_drv_gpiote.o(.bss) for .bss
    nrf_drv_gpiote.o(i.nrf_drv_gpiote_in_uninit) refers to nrf_drv_gpiote.o(i.nrf_drv_gpiote_in_event_disable) for nrf_drv_gpiote_in_event_disable
    nrf_drv_gpiote.o(i.nrf_drv_gpiote_in_uninit) refers to nrf_drv_gpiote.o(i.pin_in_use_by_te) for pin_in_use_by_te
    nrf_drv_gpiote.o(i.nrf_drv_gpiote_in_uninit) refers to nrf_drv_gpiote.o(i.channel_port_get) for channel_port_get
    nrf_drv_gpiote.o(i.nrf_drv_gpiote_in_uninit) refers to nrf_drv_gpiote.o(i.nrf_gpio_cfg_default) for nrf_gpio_cfg_default
    nrf_drv_gpiote.o(i.nrf_drv_gpiote_in_uninit) refers to nrf_drv_gpiote.o(i.channel_free) for channel_free
    nrf_drv_gpiote.o(i.nrf_drv_gpiote_in_uninit) refers to nrf_drv_gpiote.o(.bss) for .bss
    nrf_drv_gpiote.o(i.nrf_drv_gpiote_init) refers to nrf_drv_gpiote.o(i.channel_free) for channel_free
    nrf_drv_gpiote.o(i.nrf_drv_gpiote_init) refers to nrf_drv_common.o(i.nrf_drv_common_irq_enable) for nrf_drv_common_irq_enable
    nrf_drv_gpiote.o(i.nrf_drv_gpiote_init) refers to nrf_drv_gpiote.o(.bss) for .bss
    nrf_drv_gpiote.o(i.nrf_drv_gpiote_is_init) refers to nrf_drv_gpiote.o(.bss) for .bss
    nrf_drv_gpiote.o(i.nrf_drv_gpiote_out_init) refers to nrf_drv_gpiote.o(i.channel_port_alloc) for channel_port_alloc
    nrf_drv_gpiote.o(i.nrf_drv_gpiote_out_init) refers to nrf_drv_gpiote.o(i.nrf_gpio_cfg) for nrf_gpio_cfg
    nrf_drv_gpiote.o(i.nrf_drv_gpiote_out_init) refers to nrf_drv_gpiote.o(.bss) for .bss
    nrf_drv_gpiote.o(i.nrf_drv_gpiote_out_task_addr_get) refers to nrf_drv_gpiote.o(i.channel_port_get) for channel_port_get
    nrf_drv_gpiote.o(i.nrf_drv_gpiote_out_task_disable) refers to nrf_drv_gpiote.o(.bss) for .bss
    nrf_drv_gpiote.o(i.nrf_drv_gpiote_out_task_enable) refers to nrf_drv_gpiote.o(.bss) for .bss
    nrf_drv_gpiote.o(i.nrf_drv_gpiote_out_task_force) refers to nrf_drv_gpiote.o(.bss) for .bss
    nrf_drv_gpiote.o(i.nrf_drv_gpiote_out_task_trigger) refers to nrf_drv_gpiote.o(i.channel_port_get) for channel_port_get
    nrf_drv_gpiote.o(i.nrf_drv_gpiote_out_uninit) refers to nrf_drv_gpiote.o(i.pin_in_use_by_te) for pin_in_use_by_te
    nrf_drv_gpiote.o(i.nrf_drv_gpiote_out_uninit) refers to nrf_drv_gpiote.o(i.channel_port_get) for channel_port_get
    nrf_drv_gpiote.o(i.nrf_drv_gpiote_out_uninit) refers to nrf_drv_gpiote.o(i.channel_free) for channel_free
    nrf_drv_gpiote.o(i.nrf_drv_gpiote_out_uninit) refers to nrf_drv_gpiote.o(i.nrf_gpio_cfg_default) for nrf_gpio_cfg_default
    nrf_drv_gpiote.o(i.nrf_drv_gpiote_out_uninit) refers to nrf_drv_gpiote.o(.bss) for .bss
    nrf_drv_gpiote.o(i.nrf_drv_gpiote_uninit) refers to nrf_drv_gpiote.o(i.nrf_drv_gpiote_in_uninit) for nrf_drv_gpiote_in_uninit
    nrf_drv_gpiote.o(i.nrf_drv_gpiote_uninit) refers to nrf_drv_gpiote.o(i.nrf_drv_gpiote_out_uninit) for nrf_drv_gpiote_out_uninit
    nrf_drv_gpiote.o(i.nrf_drv_gpiote_uninit) refers to nrf_drv_gpiote.o(.bss) for .bss
    nrf_drv_gpiote.o(i.nrf_gpio_cfg_default) refers to nrf_drv_gpiote.o(i.nrf_gpio_cfg) for nrf_gpio_cfg
    nrf_drv_gpiote.o(i.pin_in_use_by_port) refers to nrf_drv_gpiote.o(.bss) for .bss
    nrf_drv_gpiote.o(i.pin_in_use_by_te) refers to nrf_drv_gpiote.o(.bss) for .bss
    app_error.o(i.app_error_handler) refers to app_error.o(i.app_error_fault_handler) for app_error_fault_handler
    app_error.o(i.app_error_handler_bare) refers to app_error.o(i.app_error_fault_handler) for app_error_fault_handler
    app_error.o(i.app_error_save_and_stop) refers to app_error.o(.bss) for .bss
    app_fifo.o(i.app_fifo_get) refers to app_fifo.o(i.fifo_get) for fifo_get
    app_fifo.o(i.app_fifo_put) refers to app_fifo.o(i.fifo_put) for fifo_put
    app_fifo.o(i.app_fifo_read) refers to app_fifo.o(i.fifo_get) for fifo_get
    app_fifo.o(i.app_fifo_write) refers to app_fifo.o(i.fifo_put) for fifo_put
    app_util_platform.o(i.critical_region_enter) refers to app_util_platform.o(.data) for .data
    app_util_platform.o(i.critical_region_exit) refers to app_util_platform.o(.data) for .data
    retarget.o(i.fgetc) refers to app_uart_fifo.o(i.app_uart_get) for app_uart_get
    retarget.o(i.fputc) refers to app_uart_fifo.o(i.app_uart_put) for app_uart_put
    entry.o(.ARM.Collect$$$$00000000) refers (Special) to entry10a.o(.ARM.Collect$$$$0000000D) for __rt_final_cpp
    entry.o(.ARM.Collect$$$$00000000) refers (Special) to entry11a.o(.ARM.Collect$$$$0000000F) for __rt_final_exit
    entry.o(.ARM.Collect$$$$00000000) refers (Special) to entry7b.o(.ARM.Collect$$$$00000008) for _main_clock
    entry.o(.ARM.Collect$$$$00000000) refers (Special) to entry8b.o(.ARM.Collect$$$$0000000A) for _main_cpp_init
    entry.o(.ARM.Collect$$$$00000000) refers (Special) to entry9a.o(.ARM.Collect$$$$0000000B) for _main_init
    entry.o(.ARM.Collect$$$$00000000) refers (Special) to entry5.o(.ARM.Collect$$$$00000004) for _main_scatterload
    entry.o(.ARM.Collect$$$$00000000) refers (Special) to entry2.o(.ARM.Collect$$$$00000001) for _main_stk
    printfb.o(i.__0fprintf$bare) refers to printfb.o(i._printf_core) for _printf_core
    printfb.o(i.__0fprintf$bare) refers to retarget.o(i.fputc) for fputc
    printfb.o(i.__0printf$bare) refers to printfb.o(i._printf_core) for _printf_core
    printfb.o(i.__0printf$bare) refers to retarget.o(i.fputc) for fputc
    printfb.o(i.__0printf$bare) refers to retarget.o(.data) for __stdout
    printfb.o(i.__0snprintf$bare) refers to printfb.o(i._printf_core) for _printf_core
    printfb.o(i.__0snprintf$bare) refers to printfb.o(i._snputc) for _snputc
    printfb.o(i.__0sprintf$bare) refers to printfb.o(i._printf_core) for _printf_core
    printfb.o(i.__0sprintf$bare) refers to printfb.o(i._sputc) for _sputc
    printfb.o(i.__0vfprintf$bare) refers to printfb.o(i._printf_core) for _printf_core
    printfb.o(i.__0vfprintf$bare) refers to retarget.o(i.fputc) for fputc
    printfb.o(i.__0vprintf$bare) refers to printfb.o(i._printf_core) for _printf_core
    printfb.o(i.__0vprintf$bare) refers to retarget.o(i.fputc) for fputc
    printfb.o(i.__0vprintf$bare) refers to retarget.o(.data) for __stdout
    printfb.o(i.__0vsnprintf$bare) refers to printfb.o(i._printf_core) for _printf_core
    printfb.o(i.__0vsnprintf$bare) refers to printfb.o(i._snputc) for _snputc
    printfb.o(i.__0vsprintf$bare) refers to printfb.o(i._printf_core) for _printf_core
    printfb.o(i.__0vsprintf$bare) refers to printfb.o(i._sputc) for _sputc
    printf0.o(i.__0fprintf$0) refers to printf0.o(i._printf_core) for _printf_core
    printf0.o(i.__0fprintf$0) refers to retarget.o(i.fputc) for fputc
    printf0.o(i.__0printf$0) refers to printf0.o(i._printf_core) for _printf_core
    printf0.o(i.__0printf$0) refers to retarget.o(i.fputc) for fputc
    printf0.o(i.__0printf$0) refers to retarget.o(.data) for __stdout
    printf0.o(i.__0snprintf$0) refers to printf0.o(i._printf_core) for _printf_core
    printf0.o(i.__0snprintf$0) refers to printf0.o(i._snputc) for _snputc
    printf0.o(i.__0sprintf$0) refers to printf0.o(i._printf_core) for _printf_core
    printf0.o(i.__0sprintf$0) refers to printf0.o(i._sputc) for _sputc
    printf0.o(i.__0vfprintf$0) refers to printf0.o(i._printf_core) for _printf_core
    printf0.o(i.__0vfprintf$0) refers to retarget.o(i.fputc) for fputc
    printf0.o(i.__0vprintf$0) refers to printf0.o(i._printf_core) for _printf_core
    printf0.o(i.__0vprintf$0) refers to retarget.o(i.fputc) for fputc
    printf0.o(i.__0vprintf$0) refers to retarget.o(.data) for __stdout
    printf0.o(i.__0vsnprintf$0) refers to printf0.o(i._printf_core) for _printf_core
    printf0.o(i.__0vsnprintf$0) refers to printf0.o(i._snputc) for _snputc
    printf0.o(i.__0vsprintf$0) refers to printf0.o(i._printf_core) for _printf_core
    printf0.o(i.__0vsprintf$0) refers to printf0.o(i._sputc) for _sputc
    printf1.o(i.__0fprintf$1) refers to printf1.o(i._printf_core) for _printf_core
    printf1.o(i.__0fprintf$1) refers to retarget.o(i.fputc) for fputc
    printf1.o(i.__0printf$1) refers to printf1.o(i._printf_core) for _printf_core
    printf1.o(i.__0printf$1) refers to retarget.o(i.fputc) for fputc
    printf1.o(i.__0printf$1) refers to retarget.o(.data) for __stdout
    printf1.o(i.__0snprintf$1) refers to printf1.o(i._printf_core) for _printf_core
    printf1.o(i.__0snprintf$1) refers to printf1.o(i._snputc) for _snputc
    printf1.o(i.__0sprintf$1) refers to printf1.o(i._printf_core) for _printf_core
    printf1.o(i.__0sprintf$1) refers to printf1.o(i._sputc) for _sputc
    printf1.o(i.__0vfprintf$1) refers to printf1.o(i._printf_core) for _printf_core
    printf1.o(i.__0vfprintf$1) refers to retarget.o(i.fputc) for fputc
    printf1.o(i.__0vprintf$1) refers to printf1.o(i._printf_core) for _printf_core
    printf1.o(i.__0vprintf$1) refers to retarget.o(i.fputc) for fputc
    printf1.o(i.__0vprintf$1) refers to retarget.o(.data) for __stdout
    printf1.o(i.__0vsnprintf$1) refers to printf1.o(i._printf_core) for _printf_core
    printf1.o(i.__0vsnprintf$1) refers to printf1.o(i._snputc) for _snputc
    printf1.o(i.__0vsprintf$1) refers to printf1.o(i._printf_core) for _printf_core
    printf1.o(i.__0vsprintf$1) refers to printf1.o(i._sputc) for _sputc
    printf1.o(i._printf_core) refers to uidiv.o(.text) for __aeabi_uidivmod
    printf2.o(i.__0fprintf$2) refers to printf2.o(i._printf_core) for _printf_core
    printf2.o(i.__0fprintf$2) refers to retarget.o(i.fputc) for fputc
    printf2.o(i.__0printf$2) refers to printf2.o(i._printf_core) for _printf_core
    printf2.o(i.__0printf$2) refers to retarget.o(i.fputc) for fputc
    printf2.o(i.__0printf$2) refers to retarget.o(.data) for __stdout
    printf2.o(i.__0snprintf$2) refers to printf2.o(i._printf_core) for _printf_core
    printf2.o(i.__0snprintf$2) refers to printf2.o(i._snputc) for _snputc
    printf2.o(i.__0sprintf$2) refers to printf2.o(i._printf_core) for _printf_core
    printf2.o(i.__0sprintf$2) refers to printf2.o(i._sputc) for _sputc
    printf2.o(i.__0vfprintf$2) refers to printf2.o(i._printf_core) for _printf_core
    printf2.o(i.__0vfprintf$2) refers to retarget.o(i.fputc) for fputc
    printf2.o(i.__0vprintf$2) refers to printf2.o(i._printf_core) for _printf_core
    printf2.o(i.__0vprintf$2) refers to retarget.o(i.fputc) for fputc
    printf2.o(i.__0vprintf$2) refers to retarget.o(.data) for __stdout
    printf2.o(i.__0vsnprintf$2) refers to printf2.o(i._printf_core) for _printf_core
    printf2.o(i.__0vsnprintf$2) refers to printf2.o(i._snputc) for _snputc
    printf2.o(i.__0vsprintf$2) refers to printf2.o(i._printf_core) for _printf_core
    printf2.o(i.__0vsprintf$2) refers to printf2.o(i._sputc) for _sputc
    printf3.o(i.__0fprintf$3) refers to printf3.o(i._printf_core) for _printf_core
    printf3.o(i.__0fprintf$3) refers to retarget.o(i.fputc) for fputc
    printf3.o(i.__0printf$3) refers to printf3.o(i._printf_core) for _printf_core
    printf3.o(i.__0printf$3) refers to retarget.o(i.fputc) for fputc
    printf3.o(i.__0printf$3) refers to retarget.o(.data) for __stdout
    printf3.o(i.__0snprintf$3) refers to printf3.o(i._printf_core) for _printf_core
    printf3.o(i.__0snprintf$3) refers to printf3.o(i._snputc) for _snputc
    printf3.o(i.__0sprintf$3) refers to printf3.o(i._printf_core) for _printf_core
    printf3.o(i.__0sprintf$3) refers to printf3.o(i._sputc) for _sputc
    printf3.o(i.__0vfprintf$3) refers to printf3.o(i._printf_core) for _printf_core
    printf3.o(i.__0vfprintf$3) refers to retarget.o(i.fputc) for fputc
    printf3.o(i.__0vprintf$3) refers to printf3.o(i._printf_core) for _printf_core
    printf3.o(i.__0vprintf$3) refers to retarget.o(i.fputc) for fputc
    printf3.o(i.__0vprintf$3) refers to retarget.o(.data) for __stdout
    printf3.o(i.__0vsnprintf$3) refers to printf3.o(i._printf_core) for _printf_core
    printf3.o(i.__0vsnprintf$3) refers to printf3.o(i._snputc) for _snputc
    printf3.o(i.__0vsprintf$3) refers to printf3.o(i._printf_core) for _printf_core
    printf3.o(i.__0vsprintf$3) refers to printf3.o(i._sputc) for _sputc
    printf3.o(i._printf_core) refers to uidiv.o(.text) for __aeabi_uidivmod
    printf4.o(i.__0fprintf$4) refers to printf4.o(i._printf_core) for _printf_core
    printf4.o(i.__0fprintf$4) refers to retarget.o(i.fputc) for fputc
    printf4.o(i.__0printf$4) refers to printf4.o(i._printf_core) for _printf_core
    printf4.o(i.__0printf$4) refers to retarget.o(i.fputc) for fputc
    printf4.o(i.__0printf$4) refers to retarget.o(.data) for __stdout
    printf4.o(i.__0snprintf$4) refers to printf4.o(i._printf_core) for _printf_core
    printf4.o(i.__0snprintf$4) refers to printf4.o(i._snputc) for _snputc
    printf4.o(i.__0sprintf$4) refers to printf4.o(i._printf_core) for _printf_core
    printf4.o(i.__0sprintf$4) refers to printf4.o(i._sputc) for _sputc
    printf4.o(i.__0vfprintf$4) refers to printf4.o(i._printf_core) for _printf_core
    printf4.o(i.__0vfprintf$4) refers to retarget.o(i.fputc) for fputc
    printf4.o(i.__0vprintf$4) refers to printf4.o(i._printf_core) for _printf_core
    printf4.o(i.__0vprintf$4) refers to retarget.o(i.fputc) for fputc
    printf4.o(i.__0vprintf$4) refers to retarget.o(.data) for __stdout
    printf4.o(i.__0vsnprintf$4) refers to printf4.o(i._printf_core) for _printf_core
    printf4.o(i.__0vsnprintf$4) refers to printf4.o(i._snputc) for _snputc
    printf4.o(i.__0vsprintf$4) refers to printf4.o(i._printf_core) for _printf_core
    printf4.o(i.__0vsprintf$4) refers to printf4.o(i._sputc) for _sputc
    printf4.o(i._printf_core) refers to uldiv.o(.text) for __aeabi_uldivmod
    printf5.o(i.__0fprintf$5) refers to printf5.o(i._printf_core) for _printf_core
    printf5.o(i.__0fprintf$5) refers to retarget.o(i.fputc) for fputc
    printf5.o(i.__0printf$5) refers to printf5.o(i._printf_core) for _printf_core
    printf5.o(i.__0printf$5) refers to retarget.o(i.fputc) for fputc
    printf5.o(i.__0printf$5) refers to retarget.o(.data) for __stdout
    printf5.o(i.__0snprintf$5) refers to printf5.o(i._printf_core) for _printf_core
    printf5.o(i.__0snprintf$5) refers to printf5.o(i._snputc) for _snputc
    printf5.o(i.__0sprintf$5) refers to printf5.o(i._printf_core) for _printf_core
    printf5.o(i.__0sprintf$5) refers to printf5.o(i._sputc) for _sputc
    printf5.o(i.__0vfprintf$5) refers to printf5.o(i._printf_core) for _printf_core
    printf5.o(i.__0vfprintf$5) refers to retarget.o(i.fputc) for fputc
    printf5.o(i.__0vprintf$5) refers to printf5.o(i._printf_core) for _printf_core
    printf5.o(i.__0vprintf$5) refers to retarget.o(i.fputc) for fputc
    printf5.o(i.__0vprintf$5) refers to retarget.o(.data) for __stdout
    printf5.o(i.__0vsnprintf$5) refers to printf5.o(i._printf_core) for _printf_core
    printf5.o(i.__0vsnprintf$5) refers to printf5.o(i._snputc) for _snputc
    printf5.o(i.__0vsprintf$5) refers to printf5.o(i._printf_core) for _printf_core
    printf5.o(i.__0vsprintf$5) refers to printf5.o(i._sputc) for _sputc
    printf5.o(i._printf_core) refers to uldiv.o(.text) for __aeabi_uldivmod
    printf6.o(i.__0fprintf$6) refers to printf6.o(i._printf_core) for _printf_core
    printf6.o(i.__0fprintf$6) refers to retarget.o(i.fputc) for fputc
    printf6.o(i.__0printf$6) refers to printf6.o(i._printf_core) for _printf_core
    printf6.o(i.__0printf$6) refers to retarget.o(i.fputc) for fputc
    printf6.o(i.__0printf$6) refers to retarget.o(.data) for __stdout
    printf6.o(i.__0snprintf$6) refers to printf6.o(i._printf_core) for _printf_core
    printf6.o(i.__0snprintf$6) refers to printf6.o(i._snputc) for _snputc
    printf6.o(i.__0sprintf$6) refers to printf6.o(i._printf_core) for _printf_core
    printf6.o(i.__0sprintf$6) refers to printf6.o(i._sputc) for _sputc
    printf6.o(i.__0vfprintf$6) refers to printf6.o(i._printf_core) for _printf_core
    printf6.o(i.__0vfprintf$6) refers to retarget.o(i.fputc) for fputc
    printf6.o(i.__0vprintf$6) refers to printf6.o(i._printf_core) for _printf_core
    printf6.o(i.__0vprintf$6) refers to retarget.o(i.fputc) for fputc
    printf6.o(i.__0vprintf$6) refers to retarget.o(.data) for __stdout
    printf6.o(i.__0vsnprintf$6) refers to printf6.o(i._printf_core) for _printf_core
    printf6.o(i.__0vsnprintf$6) refers to printf6.o(i._snputc) for _snputc
    printf6.o(i.__0vsprintf$6) refers to printf6.o(i._printf_core) for _printf_core
    printf6.o(i.__0vsprintf$6) refers to printf6.o(i._sputc) for _sputc
    printf6.o(i._printf_core) refers to printf6.o(i._printf_pre_padding) for _printf_pre_padding
    printf6.o(i._printf_core) refers to uidiv.o(.text) for __aeabi_uidivmod
    printf6.o(i._printf_core) refers to printf6.o(i._printf_post_padding) for _printf_post_padding
    printf7.o(i.__0fprintf$7) refers to printf7.o(i._printf_core) for _printf_core
    printf7.o(i.__0fprintf$7) refers to retarget.o(i.fputc) for fputc
    printf7.o(i.__0printf$7) refers to printf7.o(i._printf_core) for _printf_core
    printf7.o(i.__0printf$7) refers to retarget.o(i.fputc) for fputc
    printf7.o(i.__0printf$7) refers to retarget.o(.data) for __stdout
    printf7.o(i.__0snprintf$7) refers to printf7.o(i._printf_core) for _printf_core
    printf7.o(i.__0snprintf$7) refers to printf7.o(i._snputc) for _snputc
    printf7.o(i.__0sprintf$7) refers to printf7.o(i._printf_core) for _printf_core
    printf7.o(i.__0sprintf$7) refers to printf7.o(i._sputc) for _sputc
    printf7.o(i.__0vfprintf$7) refers to printf7.o(i._printf_core) for _printf_core
    printf7.o(i.__0vfprintf$7) refers to retarget.o(i.fputc) for fputc
    printf7.o(i.__0vprintf$7) refers to printf7.o(i._printf_core) for _printf_core
    printf7.o(i.__0vprintf$7) refers to retarget.o(i.fputc) for fputc
    printf7.o(i.__0vprintf$7) refers to retarget.o(.data) for __stdout
    printf7.o(i.__0vsnprintf$7) refers to printf7.o(i._printf_core) for _printf_core
    printf7.o(i.__0vsnprintf$7) refers to printf7.o(i._snputc) for _snputc
    printf7.o(i.__0vsprintf$7) refers to printf7.o(i._printf_core) for _printf_core
    printf7.o(i.__0vsprintf$7) refers to printf7.o(i._sputc) for _sputc
    printf7.o(i._printf_core) refers to printf7.o(i._printf_pre_padding) for _printf_pre_padding
    printf7.o(i._printf_core) refers to uldiv.o(.text) for __aeabi_uldivmod
    printf7.o(i._printf_core) refers to printf7.o(i._printf_post_padding) for _printf_post_padding
    printf8.o(i.__0fprintf$8) refers to printf8.o(i._printf_core) for _printf_core
    printf8.o(i.__0fprintf$8) refers to retarget.o(i.fputc) for fputc
    printf8.o(i.__0printf$8) refers to printf8.o(i._printf_core) for _printf_core
    printf8.o(i.__0printf$8) refers to retarget.o(i.fputc) for fputc
    printf8.o(i.__0printf$8) refers to retarget.o(.data) for __stdout
    printf8.o(i.__0snprintf$8) refers to printf8.o(i._printf_core) for _printf_core
    printf8.o(i.__0snprintf$8) refers to printf8.o(i._snputc) for _snputc
    printf8.o(i.__0sprintf$8) refers to printf8.o(i._printf_core) for _printf_core
    printf8.o(i.__0sprintf$8) refers to printf8.o(i._sputc) for _sputc
    printf8.o(i.__0vfprintf$8) refers to printf8.o(i._printf_core) for _printf_core
    printf8.o(i.__0vfprintf$8) refers to retarget.o(i.fputc) for fputc
    printf8.o(i.__0vprintf$8) refers to printf8.o(i._printf_core) for _printf_core
    printf8.o(i.__0vprintf$8) refers to retarget.o(i.fputc) for fputc
    printf8.o(i.__0vprintf$8) refers to retarget.o(.data) for __stdout
    printf8.o(i.__0vsnprintf$8) refers to printf8.o(i._printf_core) for _printf_core
    printf8.o(i.__0vsnprintf$8) refers to printf8.o(i._snputc) for _snputc
    printf8.o(i.__0vsprintf$8) refers to printf8.o(i._printf_core) for _printf_core
    printf8.o(i.__0vsprintf$8) refers to printf8.o(i._sputc) for _sputc
    printf8.o(i._printf_core) refers to printf8.o(i._printf_pre_padding) for _printf_pre_padding
    printf8.o(i._printf_core) refers to uldiv.o(.text) for __aeabi_uldivmod
    printf8.o(i._printf_core) refers to printf8.o(i._printf_post_padding) for _printf_post_padding
    printfa.o(i.__0fprintf) refers (Special) to iusefp.o(.text) for __I$use$fp
    printfa.o(i.__0fprintf) refers to printfa.o(i._printf_core) for _printf_core
    printfa.o(i.__0fprintf) refers to retarget.o(i.fputc) for fputc
    printfa.o(i.__0printf) refers (Special) to iusefp.o(.text) for __I$use$fp
    printfa.o(i.__0printf) refers to printfa.o(i._printf_core) for _printf_core
    printfa.o(i.__0printf) refers to retarget.o(i.fputc) for fputc
    printfa.o(i.__0printf) refers to retarget.o(.data) for __stdout
    printfa.o(i.__0snprintf) refers (Special) to iusefp.o(.text) for __I$use$fp
    printfa.o(i.__0snprintf) refers to printfa.o(i._printf_core) for _printf_core
    printfa.o(i.__0snprintf) refers to printfa.o(i._snputc) for _snputc
    printfa.o(i.__0sprintf) refers (Special) to iusefp.o(.text) for __I$use$fp
    printfa.o(i.__0sprintf) refers to printfa.o(i._printf_core) for _printf_core
    printfa.o(i.__0sprintf) refers to printfa.o(i._sputc) for _sputc
    printfa.o(i.__0vfprintf) refers (Special) to iusefp.o(.text) for __I$use$fp
    printfa.o(i.__0vfprintf) refers to printfa.o(i._printf_core) for _printf_core
    printfa.o(i.__0vfprintf) refers to retarget.o(i.fputc) for fputc
    printfa.o(i.__0vprintf) refers (Special) to iusefp.o(.text) for __I$use$fp
    printfa.o(i.__0vprintf) refers to printfa.o(i._printf_core) for _printf_core
    printfa.o(i.__0vprintf) refers to retarget.o(i.fputc) for fputc
    printfa.o(i.__0vprintf) refers to retarget.o(.data) for __stdout
    printfa.o(i.__0vsnprintf) refers (Special) to iusefp.o(.text) for __I$use$fp
    printfa.o(i.__0vsnprintf) refers to printfa.o(i._printf_core) for _printf_core
    printfa.o(i.__0vsnprintf) refers to printfa.o(i._snputc) for _snputc
    printfa.o(i.__0vsprintf) refers (Special) to iusefp.o(.text) for __I$use$fp
    printfa.o(i.__0vsprintf) refers to printfa.o(i._printf_core) for _printf_core
    printfa.o(i.__0vsprintf) refers to printfa.o(i._sputc) for _sputc
    printfa.o(i._fp_digits) refers (Special) to iusefp.o(.text) for __I$use$fp
    printfa.o(i._fp_digits) refers to dmul.o(.text) for __aeabi_dmul
    printfa.o(i._fp_digits) refers to ddiv.o(.text) for __aeabi_ddiv
    printfa.o(i._fp_digits) refers to cdrcmple.o(.text) for __aeabi_cdrcmple
    printfa.o(i._fp_digits) refers to dadd.o(.text) for __aeabi_dadd
    printfa.o(i._fp_digits) refers to dfixul.o(.text) for __aeabi_d2ulz
    printfa.o(i._fp_digits) refers to uldiv.o(.text) for __aeabi_uldivmod
    printfa.o(i._printf_core) refers (Special) to iusefp.o(.text) for __I$use$fp
    printfa.o(i._printf_core) refers to printfa.o(i._printf_pre_padding) for _printf_pre_padding
    printfa.o(i._printf_core) refers to uldiv.o(.text) for __aeabi_uldivmod
    printfa.o(i._printf_core) refers to printfa.o(i._printf_post_padding) for _printf_post_padding
    printfa.o(i._printf_core) refers to printfa.o(i._fp_digits) for _fp_digits
    printfa.o(i._printf_core) refers to uidiv.o(.text) for __aeabi_uidivmod
    printfa.o(i._printf_post_padding) refers (Special) to iusefp.o(.text) for __I$use$fp
    printfa.o(i._printf_pre_padding) refers (Special) to iusefp.o(.text) for __I$use$fp
    printfa.o(i._snputc) refers (Special) to iusefp.o(.text) for __I$use$fp
    printfa.o(i._sputc) refers (Special) to iusefp.o(.text) for __I$use$fp
    entry2.o(.ARM.Collect$$$$00000001) refers to entry2.o(.ARM.Collect$$$$00002712) for __lit__00000000
    entry2.o(.ARM.Collect$$$$00002712) refers to arm_startup_nrf52.o(STACK) for __initial_sp
    entry2.o(__vectab_stack_and_reset_area) refers to arm_startup_nrf52.o(STACK) for __initial_sp
    entry2.o(__vectab_stack_and_reset_area) refers to entry.o(.ARM.Collect$$$$00000000) for __main
    entry5.o(.ARM.Collect$$$$00000004) refers to init.o(.text) for __scatterload
    entry9a.o(.ARM.Collect$$$$0000000B) refers to main.o(i.main) for main
    entry9b.o(.ARM.Collect$$$$0000000C) refers to main.o(i.main) for main
    uldiv.o(.text) refers to llushr.o(.text) for __aeabi_llsr
    uldiv.o(.text) refers to llshl.o(.text) for __aeabi_llsl
    dadd.o(.text) refers to llshl.o(.text) for __aeabi_llsl
    dadd.o(.text) refers to llsshr.o(.text) for __aeabi_lasr
    dadd.o(.text) refers to depilogue.o(.text) for _double_epilogue
    dmul.o(.text) refers to depilogue.o(.text) for _double_epilogue
    ddiv.o(.text) refers to depilogue.o(.text) for _double_round
    dfixul.o(.text) refers to llushr.o(.text) for __aeabi_llsr
    dfixul.o(.text) refers to llshl.o(.text) for __aeabi_llsl
    init.o(.text) refers to entry5.o(.ARM.Collect$$$$00000004) for __main_after_scatterload
    depilogue.o(.text) refers to llshl.o(.text) for __aeabi_llsl
    depilogue.o(.text) refers to llushr.o(.text) for __aeabi_llsr


==============================================================================

Removing Unused input sections from the image.

    Removing main.o(.rev16_text), (4 bytes).
    Removing main.o(.revsh_text), (4 bytes).
    Removing main.o(.rrx_text), (6 bytes).
    Removing main.o(.emb_text), (118 bytes).
    Removing arm_startup_nrf52.o(HEAP), (8192 bytes).
    Removing system_nrf52.o(.rev16_text), (4 bytes).
    Removing system_nrf52.o(.revsh_text), (4 bytes).
    Removing system_nrf52.o(.rrx_text), (6 bytes).
    Removing system_nrf52.o(i.SystemCoreClockUpdate), (16 bytes).
    Removing nrf_drv_common.o(.rev16_text), (4 bytes).
    Removing nrf_drv_common.o(.revsh_text), (4 bytes).
    Removing nrf_drv_common.o(.rrx_text), (6 bytes).
    Removing nrf_delay.o(.rev16_text), (4 bytes).
    Removing nrf_delay.o(.revsh_text), (4 bytes).
    Removing nrf_delay.o(.rrx_text), (6 bytes).
    Removing nrf_drv_uart.o(.rev16_text), (4 bytes).
    Removing nrf_drv_uart.o(.revsh_text), (4 bytes).
    Removing nrf_drv_uart.o(.rrx_text), (6 bytes).
    Removing nrf_drv_uart.o(i.nrf_drv_uart_errorsrc_get), (32 bytes).
    Removing nrf_drv_uart.o(i.nrf_drv_uart_rx_abort), (32 bytes).
    Removing nrf_drv_uart.o(i.nrf_drv_uart_rx_disable), (28 bytes).
    Removing nrf_drv_uart.o(i.nrf_drv_uart_tx_abort), (80 bytes).
    Removing nrf_drv_uart.o(i.nrf_drv_uart_uninit), (64 bytes).
    Removing nrf_drv_uart.o(i.nrf_gpio_cfg_default), (18 bytes).
    Removing nrf_drv_uart.o(i.pins_to_default), (84 bytes).
    Removing app_uart_fifo.o(.rev16_text), (4 bytes).
    Removing app_uart_fifo.o(.revsh_text), (4 bytes).
    Removing app_uart_fifo.o(.rrx_text), (6 bytes).
    Removing app_uart_fifo.o(i.app_uart_close), (10 bytes).
    Removing app_uart_fifo.o(i.app_uart_flush), (32 bytes).
    Removing app_uart_fifo.o(i.app_uart_get), (52 bytes).
    Removing nrf_drv_gpiote.o(.rev16_text), (4 bytes).
    Removing nrf_drv_gpiote.o(.revsh_text), (4 bytes).
    Removing nrf_drv_gpiote.o(.rrx_text), (6 bytes).
    Removing nrf_drv_gpiote.o(i.nrf_drv_gpiote_in_event_addr_get), (28 bytes).
    Removing nrf_drv_gpiote.o(i.nrf_drv_gpiote_in_event_disable), (72 bytes).
    Removing nrf_drv_gpiote.o(i.nrf_drv_gpiote_in_uninit), (72 bytes).
    Removing nrf_drv_gpiote.o(i.nrf_drv_gpiote_out_clear), (16 bytes).
    Removing nrf_drv_gpiote.o(i.nrf_drv_gpiote_out_init), (184 bytes).
    Removing nrf_drv_gpiote.o(i.nrf_drv_gpiote_out_set), (16 bytes).
    Removing nrf_drv_gpiote.o(i.nrf_drv_gpiote_out_task_addr_get), (20 bytes).
    Removing nrf_drv_gpiote.o(i.nrf_drv_gpiote_out_task_disable), (36 bytes).
    Removing nrf_drv_gpiote.o(i.nrf_drv_gpiote_out_task_enable), (52 bytes).
    Removing nrf_drv_gpiote.o(i.nrf_drv_gpiote_out_task_force), (40 bytes).
    Removing nrf_drv_gpiote.o(i.nrf_drv_gpiote_out_task_trigger), (24 bytes).
    Removing nrf_drv_gpiote.o(i.nrf_drv_gpiote_out_toggle), (32 bytes).
    Removing nrf_drv_gpiote.o(i.nrf_drv_gpiote_out_uninit), (68 bytes).
    Removing nrf_drv_gpiote.o(i.nrf_drv_gpiote_uninit), (56 bytes).
    Removing nrf_drv_gpiote.o(i.nrf_gpio_cfg_default), (18 bytes).
    Removing app_error.o(.rev16_text), (4 bytes).
    Removing app_error.o(.revsh_text), (4 bytes).
    Removing app_error.o(.rrx_text), (6 bytes).
    Removing app_error.o(i.app_error_handler), (22 bytes).
    Removing app_error.o(i.app_error_save_and_stop), (100 bytes).
    Removing app_error.o(.bss), (32 bytes).
    Removing app_fifo.o(.rev16_text), (4 bytes).
    Removing app_fifo.o(.revsh_text), (4 bytes).
    Removing app_fifo.o(.rrx_text), (6 bytes).
    Removing app_fifo.o(i.app_fifo_flush), (8 bytes).
    Removing app_fifo.o(i.app_fifo_read), (74 bytes).
    Removing app_fifo.o(i.app_fifo_write), (78 bytes).
    Removing app_util_platform.o(.rev16_text), (4 bytes).
    Removing app_util_platform.o(.revsh_text), (4 bytes).
    Removing app_util_platform.o(.rrx_text), (6 bytes).
    Removing app_util_platform.o(i.critical_region_enter), (16 bytes).
    Removing app_util_platform.o(i.critical_region_exit), (20 bytes).
    Removing app_util_platform.o(.data), (4 bytes).
    Removing nrf_assert.o(.rev16_text), (4 bytes).
    Removing nrf_assert.o(.revsh_text), (4 bytes).
    Removing nrf_assert.o(.rrx_text), (6 bytes).
    Removing retarget.o(.rev16_text), (4 bytes).
    Removing retarget.o(.revsh_text), (4 bytes).
    Removing retarget.o(.rrx_text), (6 bytes).
    Removing retarget.o(i.fgetc), (18 bytes).
    Removing retarget.o(.data), (4 bytes).
    Removing dadd.o(.text), (334 bytes).
    Removing dmul.o(.text), (228 bytes).
    Removing ddiv.o(.text), (222 bytes).
    Removing dfixul.o(.text), (48 bytes).
    Removing cdrcmple.o(.text), (48 bytes).
    Removing depilogue.o(.text), (186 bytes).

81 unused section(s) (total 11102 bytes) removed from the image.

==============================================================================

Image Symbol Table

    Local Symbols

    Symbol Name                              Value     Ov Type        Size  Object(Section)

    RESET                                    0x00000000   Section     1024  arm_startup_nrf52.o(RESET)
    ../clib/microlib/division.c              0x00000000   Number         0  uldiv.o ABSOLUTE
    ../clib/microlib/division.c              0x00000000   Number         0  uidiv.o ABSOLUTE
    ../clib/microlib/init/entry.s            0x00000000   Number         0  entry10a.o ABSOLUTE
    ../clib/microlib/init/entry.s            0x00000000   Number         0  entry9a.o ABSOLUTE
    ../clib/microlib/init/entry.s            0x00000000   Number         0  entry11a.o ABSOLUTE
    ../clib/microlib/init/entry.s            0x00000000   Number         0  entry11b.o ABSOLUTE
    ../clib/microlib/init/entry.s            0x00000000   Number         0  entry8a.o ABSOLUTE
    ../clib/microlib/init/entry.s            0x00000000   Number         0  entry.o ABSOLUTE
    ../clib/microlib/init/entry.s            0x00000000   Number         0  entry9b.o ABSOLUTE
    ../clib/microlib/init/entry.s            0x00000000   Number         0  entry10b.o ABSOLUTE
    ../clib/microlib/init/entry.s            0x00000000   Number         0  entry8b.o ABSOLUTE
    ../clib/microlib/init/entry.s            0x00000000   Number         0  entry7b.o ABSOLUTE
    ../clib/microlib/init/entry.s            0x00000000   Number         0  entry7a.o ABSOLUTE
    ../clib/microlib/init/entry.s            0x00000000   Number         0  entry5.o ABSOLUTE
    ../clib/microlib/init/entry.s            0x00000000   Number         0  entry2.o ABSOLUTE
    ../clib/microlib/longlong.c              0x00000000   Number         0  llshl.o ABSOLUTE
    ../clib/microlib/longlong.c              0x00000000   Number         0  llsshr.o ABSOLUTE
    ../clib/microlib/longlong.c              0x00000000   Number         0  llushr.o ABSOLUTE
    ../clib/microlib/printf/printf.c         0x00000000   Number         0  printf3.o ABSOLUTE
    ../clib/microlib/printf/printf.c         0x00000000   Number         0  printf1.o ABSOLUTE
    ../clib/microlib/printf/printf.c         0x00000000   Number         0  printf0.o ABSOLUTE
    ../clib/microlib/printf/printf.c         0x00000000   Number         0  printfb.o ABSOLUTE
    ../clib/microlib/printf/printf.c         0x00000000   Number         0  printf6.o ABSOLUTE
    ../clib/microlib/printf/printf.c         0x00000000   Number         0  printf2.o ABSOLUTE
    ../clib/microlib/printf/printf.c         0x00000000   Number         0  printfa.o ABSOLUTE
    ../clib/microlib/printf/printf.c         0x00000000   Number         0  printf8.o ABSOLUTE
    ../clib/microlib/printf/printf.c         0x00000000   Number         0  printf7.o ABSOLUTE
    ../clib/microlib/printf/printf.c         0x00000000   Number         0  printf5.o ABSOLUTE
    ../clib/microlib/printf/printf.c         0x00000000   Number         0  printf4.o ABSOLUTE
    ../clib/microlib/printf/stubs.s          0x00000000   Number         0  stubs.o ABSOLUTE
    ../clib/microlib/string/memcpy.c         0x00000000   Number         0  memcpya.o ABSOLUTE
    ../clib/microlib/string/memcpy.c         0x00000000   Number         0  memcpyb.o ABSOLUTE
    ../clib/microlib/stubs.s                 0x00000000   Number         0  iusefp.o ABSOLUTE
    ../fplib/microlib/fpadd.c                0x00000000   Number         0  dadd.o ABSOLUTE
    ../fplib/microlib/fpdiv.c                0x00000000   Number         0  ddiv.o ABSOLUTE
    ../fplib/microlib/fpepilogue.c           0x00000000   Number         0  depilogue.o ABSOLUTE
    ../fplib/microlib/fpfix.c                0x00000000   Number         0  dfixul.o ABSOLUTE
    ../fplib/microlib/fpmul.c                0x00000000   Number         0  dmul.o ABSOLUTE
    ..\..\main.c                             0x00000000   Number         0  main.o ABSOLUTE
    ..\\..\\main.c                           0x00000000   Number         0  main.o ABSOLUTE
    C:\Keil_v5a\ARM\PACK\NordicSemiconductor\nRF_Drivers\4.0.0-2.alpha\common\nrf_drv_common.c 0x00000000   Number         0  nrf_drv_common.o ABSOLUTE
    C:\Keil_v5a\ARM\PACK\NordicSemiconductor\nRF_Drivers\4.0.0-2.alpha\delay\nrf_delay.c 0x00000000   Number         0  nrf_delay.o ABSOLUTE
    C:\Keil_v5a\ARM\PACK\NordicSemiconductor\nRF_Drivers\4.0.0-2.alpha\gpiote\nrf_drv_gpiote.c 0x00000000   Number         0  nrf_drv_gpiote.o ABSOLUTE
    C:\Keil_v5a\ARM\PACK\NordicSemiconductor\nRF_Drivers\4.0.0-2.alpha\uart\nrf_drv_uart.c 0x00000000   Number         0  nrf_drv_uart.o ABSOLUTE
    C:\\Keil_v5a\\ARM\\PACK\\NordicSemiconductor\\nRF_Drivers\\4.0.0-2.alpha\\common\\nrf_drv_common.c 0x00000000   Number         0  nrf_drv_common.o ABSOLUTE
    C:\\Keil_v5a\\ARM\\PACK\\NordicSemiconductor\\nRF_Drivers\\4.0.0-2.alpha\\delay\\nrf_delay.c 0x00000000   Number         0  nrf_delay.o ABSOLUTE
    C:\\Keil_v5a\\ARM\\PACK\\NordicSemiconductor\\nRF_Drivers\\4.0.0-2.alpha\\gpiote\\nrf_drv_gpiote.c 0x00000000   Number         0  nrf_drv_gpiote.o ABSOLUTE
    C:\\Keil_v5a\\ARM\\PACK\\NordicSemiconductor\\nRF_Drivers\\4.0.0-2.alpha\\uart\\nrf_drv_uart.c 0x00000000   Number         0  nrf_drv_uart.o ABSOLUTE
    RTE\Device\nRF52832_xxAA\arm_startup_nrf52.s 0x00000000   Number         0  arm_startup_nrf52.o ABSOLUTE
    RTE\Device\nRF52832_xxAA\system_nrf52.c  0x00000000   Number         0  system_nrf52.o ABSOLUTE
    RTE\\Device\\nRF52832_xxAA\\system_nrf52.c 0x00000000   Number         0  system_nrf52.o ABSOLUTE
    RTE\\nRF_Drivers\\nRF52832_xxAA\\app_uart_fifo.c 0x00000000   Number         0  app_uart_fifo.o ABSOLUTE
    RTE\\nRF_Libraries\\nRF52832_xxAA\\app_error.c 0x00000000   Number         0  app_error.o ABSOLUTE
    RTE\\nRF_Libraries\\nRF52832_xxAA\\app_fifo.c 0x00000000   Number         0  app_fifo.o ABSOLUTE
    RTE\\nRF_Libraries\\nRF52832_xxAA\\app_util_platform.c 0x00000000   Number         0  app_util_platform.o ABSOLUTE
    RTE\\nRF_Libraries\\nRF52832_xxAA\\nrf_assert.c 0x00000000   Number         0  nrf_assert.o ABSOLUTE
    RTE\\nRF_Libraries\\nRF52832_xxAA\\retarget.c 0x00000000   Number         0  retarget.o ABSOLUTE
    RTE\nRF_Drivers\nRF52832_xxAA\app_uart_fifo.c 0x00000000   Number         0  app_uart_fifo.o ABSOLUTE
    RTE\nRF_Libraries\nRF52832_xxAA\app_error.c 0x00000000   Number         0  app_error.o ABSOLUTE
    RTE\nRF_Libraries\nRF52832_xxAA\app_fifo.c 0x00000000   Number         0  app_fifo.o ABSOLUTE
    RTE\nRF_Libraries\nRF52832_xxAA\app_util_platform.c 0x00000000   Number         0  app_util_platform.o ABSOLUTE
    RTE\nRF_Libraries\nRF52832_xxAA\nrf_assert.c 0x00000000   Number         0  nrf_assert.o ABSOLUTE
    RTE\nRF_Libraries\nRF52832_xxAA\retarget.c 0x00000000   Number         0  retarget.o ABSOLUTE
    cdrcmple.s                               0x00000000   Number         0  cdrcmple.o ABSOLUTE
    dc.s                                     0x00000000   Number         0  dc.o ABSOLUTE
    handlers.s                               0x00000000   Number         0  handlers.o ABSOLUTE
    init.s                                   0x00000000   Number         0  init.o ABSOLUTE
    .ARM.Collect$$$$00000000                 0x00000400   Section        0  entry.o(.ARM.Collect$$$$00000000)
    .ARM.Collect$$$$00000001                 0x00000400   Section        4  entry2.o(.ARM.Collect$$$$00000001)
    .ARM.Collect$$$$00000004                 0x00000404   Section        4  entry5.o(.ARM.Collect$$$$00000004)
    .ARM.Collect$$$$00000008                 0x00000408   Section        0  entry7b.o(.ARM.Collect$$$$00000008)
    .ARM.Collect$$$$0000000A                 0x00000408   Section        0  entry8b.o(.ARM.Collect$$$$0000000A)
    .ARM.Collect$$$$0000000B                 0x00000408   Section        8  entry9a.o(.ARM.Collect$$$$0000000B)
    .ARM.Collect$$$$0000000D                 0x00000410   Section        0  entry10a.o(.ARM.Collect$$$$0000000D)
    .ARM.Collect$$$$0000000F                 0x00000410   Section        0  entry11a.o(.ARM.Collect$$$$0000000F)
    .ARM.Collect$$$$00002712                 0x00000410   Section        4  entry2.o(.ARM.Collect$$$$00002712)
    __lit__00000000                          0x00000410   Data           4  entry2.o(.ARM.Collect$$$$00002712)
    .emb_text                                0x00000414   Section      118  nrf_delay.o(.emb_text)
    $v0                                      0x00000414   Number         0  nrf_delay.o(.emb_text)
    .text                                    0x0000048c   Section       36  arm_startup_nrf52.o(.text)
    $v0                                      0x0000048c   Number         0  arm_startup_nrf52.o(.text)
    .text                                    0x000004b0   Section        0  memcpya.o(.text)
    .text                                    0x000004d4   Section        0  uidiv.o(.text)
    .text                                    0x00000500   Section       36  init.o(.text)
    i.GPIOTE_IRQHandler                      0x00000524   Section        0  nrf_drv_gpiote.o(i.GPIOTE_IRQHandler)
    i.SystemInit                             0x00000620   Section        0  system_nrf52.o(i.SystemInit)
    i.UARTE0_UART0_IRQHandler                0x0000087c   Section        0  nrf_drv_uart.o(i.UARTE0_UART0_IRQHandler)
    i.__0printf$1                            0x00000890   Section        0  printf1.o(i.__0printf$1)
    i.__scatterload_copy                     0x000008b0   Section       14  handlers.o(i.__scatterload_copy)
    i.__scatterload_null                     0x000008be   Section        2  handlers.o(i.__scatterload_null)
    i.__scatterload_zeroinit                 0x000008c0   Section       14  handlers.o(i.__scatterload_zeroinit)
    i._printf_core                           0x000008d0   Section        0  printf1.o(i._printf_core)
    _printf_core                             0x000008d1   Thumb Code   336  printf1.o(i._printf_core)
    i.app_error_fault_handler                0x00000a24   Section        0  app_error.o(i.app_error_fault_handler)
    i.app_error_handler_bare                 0x00000a48   Section        0  app_error.o(i.app_error_handler_bare)
    i.app_fifo_get                           0x00000a5c   Section        0  app_fifo.o(i.app_fifo_get)
    i.app_fifo_init                          0x00000a72   Section        0  app_fifo.o(i.app_fifo_init)
    i.app_fifo_put                           0x00000a92   Section        0  app_fifo.o(i.app_fifo_put)
    i.app_uart_init                          0x00000aac   Section        0  app_uart_fifo.o(i.app_uart_init)
    i.app_uart_put                           0x00000b50   Section        0  app_uart_fifo.o(i.app_uart_put)
    i.apply_config                           0x00000b7c   Section        0  nrf_drv_uart.o(i.apply_config)
    apply_config                             0x00000b7d   Thumb Code   108  nrf_drv_uart.o(i.apply_config)
    i.channel_free                           0x00000bf4   Section        0  nrf_drv_gpiote.o(i.channel_free)
    channel_free                             0x00000bf5   Thumb Code    22  nrf_drv_gpiote.o(i.channel_free)
    i.channel_port_alloc                     0x00000c10   Section        0  nrf_drv_gpiote.o(i.channel_port_alloc)
    channel_port_alloc                       0x00000c11   Thumb Code    66  nrf_drv_gpiote.o(i.channel_port_alloc)
    i.channel_port_get                       0x00000c58   Section        0  nrf_drv_gpiote.o(i.channel_port_get)
    channel_port_get                         0x00000c59   Thumb Code    10  nrf_drv_gpiote.o(i.channel_port_get)
    i.fifo_get                               0x00000c68   Section        0  app_fifo.o(i.fifo_get)
    fifo_get                                 0x00000c69   Thumb Code    20  app_fifo.o(i.fifo_get)
    i.fifo_put                               0x00000c7c   Section        0  app_fifo.o(i.fifo_put)
    fifo_put                                 0x00000c7d   Thumb Code    18  app_fifo.o(i.fifo_put)
    i.fputc                                  0x00000c8e   Section        0  retarget.o(i.fputc)
    i.in_pin_handler                         0x00000c9c   Section        0  main.o(i.in_pin_handler)
    i.main                                   0x00000cd0   Section        0  main.o(i.main)
    i.nrf_delay_ms                           0x00000e74   Section        0  nrf_delay.o(i.nrf_delay_ms)
    i.nrf_drv_common_irq_enable              0x00000e8e   Section        0  nrf_drv_common.o(i.nrf_drv_common_irq_enable)
    i.nrf_drv_gpiote_in_event_enable         0x00000ec8   Section        0  nrf_drv_gpiote.o(i.nrf_drv_gpiote_in_event_enable)
    i.nrf_drv_gpiote_in_init                 0x00000f6c   Section        0  nrf_drv_gpiote.o(i.nrf_drv_gpiote_in_init)
    i.nrf_drv_gpiote_in_is_set               0x00001024   Section        0  nrf_drv_gpiote.o(i.nrf_drv_gpiote_in_is_set)
    i.nrf_drv_gpiote_init                    0x00001038   Section        0  nrf_drv_gpiote.o(i.nrf_drv_gpiote_init)
    i.nrf_drv_gpiote_is_init                 0x0000108c   Section        0  nrf_drv_gpiote.o(i.nrf_drv_gpiote_is_init)
    i.nrf_drv_uart_init                      0x000010a0   Section        0  nrf_drv_uart.o(i.nrf_drv_uart_init)
    i.nrf_drv_uart_rx                        0x00001134   Section        0  nrf_drv_uart.o(i.nrf_drv_uart_rx)
    i.nrf_drv_uart_rx_enable                 0x000011c0   Section        0  nrf_drv_uart.o(i.nrf_drv_uart_rx_enable)
    i.nrf_drv_uart_rx_for_uart               0x000011e0   Section        0  nrf_drv_uart.o(i.nrf_drv_uart_rx_for_uart)
    nrf_drv_uart_rx_for_uart                 0x000011e1   Thumb Code   148  nrf_drv_uart.o(i.nrf_drv_uart_rx_for_uart)
    i.nrf_drv_uart_rx_for_uarte              0x0000127c   Section        0  nrf_drv_uart.o(i.nrf_drv_uart_rx_for_uarte)
    nrf_drv_uart_rx_for_uarte                0x0000127d   Thumb Code   136  nrf_drv_uart.o(i.nrf_drv_uart_rx_for_uarte)
    i.nrf_drv_uart_tx                        0x0000130c   Section        0  nrf_drv_uart.o(i.nrf_drv_uart_tx)
    i.nrf_drv_uart_tx_for_uart               0x00001394   Section        0  nrf_drv_uart.o(i.nrf_drv_uart_tx_for_uart)
    nrf_drv_uart_tx_for_uart                 0x00001395   Thumb Code   118  nrf_drv_uart.o(i.nrf_drv_uart_tx_for_uart)
    i.nrf_gpio_cfg                           0x00001414   Section        0  nrf_drv_uart.o(i.nrf_gpio_cfg)
    nrf_gpio_cfg                             0x00001415   Thumb Code    34  nrf_drv_uart.o(i.nrf_gpio_cfg)
    i.nrf_gpio_cfg                           0x00001436   Section        0  nrf_drv_gpiote.o(i.nrf_gpio_cfg)
    nrf_gpio_cfg                             0x00001437   Thumb Code    34  nrf_drv_gpiote.o(i.nrf_gpio_cfg)
    i.nrf_gpio_cfg_input                     0x00001458   Section        0  nrf_drv_uart.o(i.nrf_gpio_cfg_input)
    nrf_gpio_cfg_input                       0x00001459   Thumb Code    18  nrf_drv_uart.o(i.nrf_gpio_cfg_input)
    i.nrf_gpio_cfg_output                    0x0000146a   Section        0  nrf_drv_uart.o(i.nrf_gpio_cfg_output)
    nrf_gpio_cfg_output                      0x0000146b   Thumb Code    20  nrf_drv_uart.o(i.nrf_gpio_cfg_output)
    i.nrf_gpio_cfg_sense_set                 0x0000147e   Section        0  nrf_drv_gpiote.o(i.nrf_gpio_cfg_sense_set)
    nrf_gpio_cfg_sense_set                   0x0000147f   Thumb Code    28  nrf_drv_gpiote.o(i.nrf_gpio_cfg_sense_set)
    i.nrf_gpiote_event_clear                 0x0000149c   Section        0  nrf_drv_gpiote.o(i.nrf_gpiote_event_clear)
    nrf_gpiote_event_clear                   0x0000149d   Thumb Code    16  nrf_drv_gpiote.o(i.nrf_gpiote_event_clear)
    i.nrf_gpiote_event_is_set                0x000014b0   Section        0  nrf_drv_gpiote.o(i.nrf_gpiote_event_is_set)
    nrf_gpiote_event_is_set                  0x000014b1   Thumb Code    12  nrf_drv_gpiote.o(i.nrf_gpiote_event_is_set)
    i.nrf_uart_event_check                   0x000014c0   Section        0  nrf_drv_uart.o(i.nrf_uart_event_check)
    nrf_uart_event_check                     0x000014c1   Thumb Code    10  nrf_drv_uart.o(i.nrf_uart_event_check)
    i.nrf_uart_int_enable_check              0x000014ca   Section        0  nrf_drv_uart.o(i.nrf_uart_int_enable_check)
    nrf_uart_int_enable_check                0x000014cb   Thumb Code    12  nrf_drv_uart.o(i.nrf_uart_int_enable_check)
    i.nrf_uarte_event_check                  0x000014d6   Section        0  nrf_drv_uart.o(i.nrf_uarte_event_check)
    nrf_uarte_event_check                    0x000014d7   Thumb Code    10  nrf_drv_uart.o(i.nrf_uarte_event_check)
    i.pin_in_use_by_port                     0x000014e0   Section        0  nrf_drv_gpiote.o(i.pin_in_use_by_port)
    pin_in_use_by_port                       0x000014e1   Thumb Code    20  nrf_drv_gpiote.o(i.pin_in_use_by_port)
    i.pin_in_use_by_te                       0x000014f8   Section        0  nrf_drv_gpiote.o(i.pin_in_use_by_te)
    pin_in_use_by_te                         0x000014f9   Thumb Code    20  nrf_drv_gpiote.o(i.pin_in_use_by_te)
    i.rx_byte                                0x00001510   Section        0  nrf_drv_uart.o(i.rx_byte)
    rx_byte                                  0x00001511   Thumb Code    38  nrf_drv_uart.o(i.rx_byte)
    i.rx_done_event                          0x00001540   Section        0  nrf_drv_uart.o(i.rx_done_event)
    rx_done_event                            0x00001541   Thumb Code    26  nrf_drv_uart.o(i.rx_done_event)
    i.rx_enable                              0x00001560   Section        0  nrf_drv_uart.o(i.rx_enable)
    rx_enable                                0x00001561   Thumb Code    18  nrf_drv_uart.o(i.rx_enable)
    i.tx_byte                                0x00001578   Section        0  nrf_drv_uart.o(i.tx_byte)
    tx_byte                                  0x00001579   Thumb Code    28  nrf_drv_uart.o(i.tx_byte)
    i.tx_done_event                          0x0000159c   Section        0  nrf_drv_uart.o(i.tx_done_event)
    tx_done_event                            0x0000159d   Thumb Code    30  nrf_drv_uart.o(i.tx_done_event)
    i.uart_error_handle                      0x000015c0   Section        0  main.o(i.uart_error_handle)
    i.uart_event_handler                     0x000015d4   Section        0  app_uart_fifo.o(i.uart_event_handler)
    uart_event_handler                       0x000015d5   Thumb Code   160  app_uart_fifo.o(i.uart_event_handler)
    i.uart_init                              0x0000167c   Section        0  main.o(i.uart_init)
    i.uart_irq_handler                       0x000016c4   Section        0  nrf_drv_uart.o(i.uart_irq_handler)
    uart_irq_handler                         0x000016c5   Thumb Code   254  nrf_drv_uart.o(i.uart_irq_handler)
    i.uarte_irq_handler                      0x000017cc   Section        0  nrf_drv_uart.o(i.uarte_irq_handler)
    uarte_irq_handler                        0x000017cd   Thumb Code   206  nrf_drv_uart.o(i.uarte_irq_handler)
    .constdata                               0x000018a4   Section       16  main.o(.constdata)
    .constdata                               0x000018b4   Section       32  nrf_drv_uart.o(.constdata)
    m_default_config                         0x000018b4   Data          32  nrf_drv_uart.o(.constdata)
    .constdata                               0x000018d4   Section       32  app_uart_fifo.o(.constdata)
    .data                                    0x20000000   Section        1  main.o(.data)
    rx_buf                                   0x20000000   Data           1  main.o(.data)
    .data                                    0x20000004   Section        4  system_nrf52.o(.data)
    __tagsym$$used                           0x20000004   Number         0  system_nrf52.o(.data)
    .data                                    0x20000008   Section        8  app_uart_fifo.o(.data)
    tx_buffer                                0x20000008   Data           1  app_uart_fifo.o(.data)
    tx_tmp                                   0x20000009   Data           1  app_uart_fifo.o(.data)
    rx_buffer                                0x2000000a   Data           1  app_uart_fifo.o(.data)
    m_event_handler                          0x2000000c   Data           4  app_uart_fifo.o(.data)
    .data                                    0x20000010   Section        4  retarget.o(.data)
    .bss                                     0x20000014   Section      256  main.o(.bss)
    tx_buf                                   0x20000014   Data         256  main.o(.bss)
    .bss                                     0x20000114   Section       32  nrf_drv_uart.o(.bss)
    m_cb                                     0x20000114   Data          32  nrf_drv_uart.o(.bss)
    .bss                                     0x20000134   Section       32  app_uart_fifo.o(.bss)
    m_rx_fifo                                0x20000134   Data          16  app_uart_fifo.o(.bss)
    m_tx_fifo                                0x20000144   Data          16  app_uart_fifo.o(.bss)
    .bss                                     0x20000154   Section       72  nrf_drv_gpiote.o(.bss)
    m_cb                                     0x20000154   Data          72  nrf_drv_gpiote.o(.bss)
    STACK                                    0x200001a0   Section     8192  arm_startup_nrf52.o(STACK)

    Global Symbols

    Symbol Name                              Value     Ov Type        Size  Object(Section)

    BuildAttributes$$THM_ISAv4$E$P$D$K$B$S$7EM$VFPi3$EXTD16$VFPS$VFMA$PE$A:L22UL41UL21$X:L11$S22US41US21$IEEE1$IW$USESV6$~STKCKD$USESV7$~SHL$OSPACE$ROPI$EBA8$MICROLIB$REQ8$PRES8$EABIv2 0x00000000   Number         0  anon$$obj.o ABSOLUTE
    __ARM_use_no_argv                        0x00000000   Number         0  main.o ABSOLUTE
    __Vectors                                0x00000000   Data           4  arm_startup_nrf52.o(RESET)
    _printf_a                                0x00000000   Number         0  stubs.o ABSOLUTE
    _printf_c                                0x00000000   Number         0  stubs.o ABSOLUTE
    _printf_charcount                        0x00000000   Number         0  stubs.o ABSOLUTE
    _printf_d                                0x00000000   Number         0  stubs.o ABSOLUTE
    _printf_e                                0x00000000   Number         0  stubs.o ABSOLUTE
    _printf_f                                0x00000000   Number         0  stubs.o ABSOLUTE
    _printf_flags                            0x00000000   Number         0  stubs.o ABSOLUTE
    _printf_fp_dec                           0x00000000   Number         0  stubs.o ABSOLUTE
    _printf_fp_hex                           0x00000000   Number         0  stubs.o ABSOLUTE
    _printf_g                                0x00000000   Number         0  stubs.o ABSOLUTE
    _printf_i                                0x00000000   Number         0  stubs.o ABSOLUTE
    _printf_int_dec                          0x00000000   Number         0  stubs.o ABSOLUTE
    _printf_l                                0x00000000   Number         0  stubs.o ABSOLUTE
    _printf_lc                               0x00000000   Number         0  stubs.o ABSOLUTE
    _printf_ll                               0x00000000   Number         0  stubs.o ABSOLUTE
    _printf_lld                              0x00000000   Number         0  stubs.o ABSOLUTE
    _printf_lli                              0x00000000   Number         0  stubs.o ABSOLUTE
    _printf_llo                              0x00000000   Number         0  stubs.o ABSOLUTE
    _printf_llu                              0x00000000   Number         0  stubs.o ABSOLUTE
    _printf_llx                              0x00000000   Number         0  stubs.o ABSOLUTE
    _printf_longlong_dec                     0x00000000   Number         0  stubs.o ABSOLUTE
    _printf_longlong_hex                     0x00000000   Number         0  stubs.o ABSOLUTE
    _printf_longlong_oct                     0x00000000   Number         0  stubs.o ABSOLUTE
    _printf_ls                               0x00000000   Number         0  stubs.o ABSOLUTE
    _printf_mbtowc                           0x00000000   Number         0  stubs.o ABSOLUTE
    _printf_n                                0x00000000   Number         0  stubs.o ABSOLUTE
    _printf_o                                0x00000000   Number         0  stubs.o ABSOLUTE
    _printf_p                                0x00000000   Number         0  stubs.o ABSOLUTE
    _printf_percent                          0x00000000   Number         0  stubs.o ABSOLUTE
    _printf_pre_padding                      0x00000000   Number         0  stubs.o ABSOLUTE
    _printf_return_value                     0x00000000   Number         0  stubs.o ABSOLUTE
    _printf_s                                0x00000000   Number         0  stubs.o ABSOLUTE
    _printf_sizespec                         0x00000000   Number         0  stubs.o ABSOLUTE
    _printf_str                              0x00000000   Number         0  stubs.o ABSOLUTE
    _printf_truncate_signed                  0x00000000   Number         0  stubs.o ABSOLUTE
    _printf_truncate_unsigned                0x00000000   Number         0  stubs.o ABSOLUTE
    _printf_u                                0x00000000   Number         0  stubs.o ABSOLUTE
    _printf_wc                               0x00000000   Number         0  stubs.o ABSOLUTE
    _printf_wctomb                           0x00000000   Number         0  stubs.o ABSOLUTE
    _printf_widthprec                        0x00000000   Number         0  stubs.o ABSOLUTE
    _printf_x                                0x00000000   Number         0  stubs.o ABSOLUTE
    __cpp_initialize__aeabi_                  - Undefined Weak Reference
    __cxa_finalize                            - Undefined Weak Reference
    __decompress                              - Undefined Weak Reference
    _clock_init                               - Undefined Weak Reference
    _microlib_exit                            - Undefined Weak Reference
    __Vectors_End                            0x00000400   Data           0  arm_startup_nrf52.o(RESET)
    __Vectors_Size                           0x00000400   Number         0  arm_startup_nrf52.o ABSOLUTE
    __main                                   0x00000401   Thumb Code     0  entry.o(.ARM.Collect$$$$00000000)
    _main_stk                                0x00000401   Thumb Code     0  entry2.o(.ARM.Collect$$$$00000001)
    _main_scatterload                        0x00000405   Thumb Code     0  entry5.o(.ARM.Collect$$$$00000004)
    __main_after_scatterload                 0x00000409   Thumb Code     0  entry5.o(.ARM.Collect$$$$00000004)
    _main_clock                              0x00000409   Thumb Code     0  entry7b.o(.ARM.Collect$$$$00000008)
    _main_cpp_init                           0x00000409   Thumb Code     0  entry8b.o(.ARM.Collect$$$$0000000A)
    _main_init                               0x00000409   Thumb Code     0  entry9a.o(.ARM.Collect$$$$0000000B)
    __rt_final_cpp                           0x00000411   Thumb Code     0  entry10a.o(.ARM.Collect$$$$0000000D)
    __rt_final_exit                          0x00000411   Thumb Code     0  entry11a.o(.ARM.Collect$$$$0000000F)
    __asm___11_nrf_delay_c_532987f3__nrf_delay_us 0x00000415   Thumb Code   118  nrf_delay.o(.emb_text)
    Reset_Handler                            0x0000048d   Thumb Code     8  arm_startup_nrf52.o(.text)
    NMI_Handler                              0x00000495   Thumb Code     2  arm_startup_nrf52.o(.text)
    HardFault_Handler                        0x00000497   Thumb Code     2  arm_startup_nrf52.o(.text)
    MemoryManagement_Handler                 0x00000499   Thumb Code     2  arm_startup_nrf52.o(.text)
    BusFault_Handler                         0x0000049b   Thumb Code     2  arm_startup_nrf52.o(.text)
    UsageFault_Handler                       0x0000049d   Thumb Code     2  arm_startup_nrf52.o(.text)
    SVC_Handler                              0x0000049f   Thumb Code     2  arm_startup_nrf52.o(.text)
    PendSV_Handler                           0x000004a1   Thumb Code     2  arm_startup_nrf52.o(.text)
    SysTick_Handler                          0x000004a3   Thumb Code     2  arm_startup_nrf52.o(.text)
    CCM_AAR_IRQHandler                       0x000004a5   Thumb Code     0  arm_startup_nrf52.o(.text)
    COMP_LPCOMP_IRQHandler                   0x000004a5   Thumb Code     0  arm_startup_nrf52.o(.text)
    ECB_IRQHandler                           0x000004a5   Thumb Code     0  arm_startup_nrf52.o(.text)
    I2S_IRQHandler                           0x000004a5   Thumb Code     0  arm_startup_nrf52.o(.text)
    MWU_IRQHandler                           0x000004a5   Thumb Code     0  arm_startup_nrf52.o(.text)
    NFCT_IRQHandler                          0x000004a5   Thumb Code     0  arm_startup_nrf52.o(.text)
    PDM_IRQHandler                           0x000004a5   Thumb Code     0  arm_startup_nrf52.o(.text)
    POWER_CLOCK_IRQHandler                   0x000004a5   Thumb Code     0  arm_startup_nrf52.o(.text)
    PWM0_IRQHandler                          0x000004a5   Thumb Code     0  arm_startup_nrf52.o(.text)
    PWM1_IRQHandler                          0x000004a5   Thumb Code     0  arm_startup_nrf52.o(.text)
    PWM2_IRQHandler                          0x000004a5   Thumb Code     0  arm_startup_nrf52.o(.text)
    QDEC_IRQHandler                          0x000004a5   Thumb Code     0  arm_startup_nrf52.o(.text)
    RADIO_IRQHandler                         0x000004a5   Thumb Code     0  arm_startup_nrf52.o(.text)
    RNG_IRQHandler                           0x000004a5   Thumb Code     0  arm_startup_nrf52.o(.text)
    RTC0_IRQHandler                          0x000004a5   Thumb Code     0  arm_startup_nrf52.o(.text)
    RTC1_IRQHandler                          0x000004a5   Thumb Code     0  arm_startup_nrf52.o(.text)
    RTC2_IRQHandler                          0x000004a5   Thumb Code     0  arm_startup_nrf52.o(.text)
    SAADC_IRQHandler                         0x000004a5   Thumb Code     0  arm_startup_nrf52.o(.text)
    SPIM0_SPIS0_TWIM0_TWIS0_SPI0_TWI0_IRQHandler 0x000004a5   Thumb Code     0  arm_startup_nrf52.o(.text)
    SPIM1_SPIS1_TWIM1_TWIS1_SPI1_TWI1_IRQHandler 0x000004a5   Thumb Code     0  arm_startup_nrf52.o(.text)
    SPIM2_SPIS2_SPI2_IRQHandler              0x000004a5   Thumb Code     0  arm_startup_nrf52.o(.text)
    SWI0_EGU0_IRQHandler                     0x000004a5   Thumb Code     0  arm_startup_nrf52.o(.text)
    SWI1_EGU1_IRQHandler                     0x000004a5   Thumb Code     0  arm_startup_nrf52.o(.text)
    SWI2_EGU2_IRQHandler                     0x000004a5   Thumb Code     0  arm_startup_nrf52.o(.text)
    SWI3_EGU3_IRQHandler                     0x000004a5   Thumb Code     0  arm_startup_nrf52.o(.text)
    SWI4_EGU4_IRQHandler                     0x000004a5   Thumb Code     0  arm_startup_nrf52.o(.text)
    SWI5_EGU5_IRQHandler                     0x000004a5   Thumb Code     0  arm_startup_nrf52.o(.text)
    TEMP_IRQHandler                          0x000004a5   Thumb Code     0  arm_startup_nrf52.o(.text)
    TIMER0_IRQHandler                        0x000004a5   Thumb Code     0  arm_startup_nrf52.o(.text)
    TIMER1_IRQHandler                        0x000004a5   Thumb Code     0  arm_startup_nrf52.o(.text)
    TIMER2_IRQHandler                        0x000004a5   Thumb Code     0  arm_startup_nrf52.o(.text)
    TIMER3_IRQHandler                        0x000004a5   Thumb Code     0  arm_startup_nrf52.o(.text)
    TIMER4_IRQHandler                        0x000004a5   Thumb Code     0  arm_startup_nrf52.o(.text)
    WDT_IRQHandler                           0x000004a5   Thumb Code     0  arm_startup_nrf52.o(.text)
    __aeabi_memcpy                           0x000004b1   Thumb Code    36  memcpya.o(.text)
    __aeabi_memcpy4                          0x000004b1   Thumb Code     0  memcpya.o(.text)
    __aeabi_memcpy8                          0x000004b1   Thumb Code     0  memcpya.o(.text)
    __aeabi_uidiv                            0x000004d5   Thumb Code     0  uidiv.o(.text)
    __aeabi_uidivmod                         0x000004d5   Thumb Code    44  uidiv.o(.text)
    __scatterload                            0x00000501   Thumb Code    28  init.o(.text)
    __scatterload_rt2                        0x00000501   Thumb Code     0  init.o(.text)
    GPIOTE_IRQHandler                        0x00000525   Thumb Code   238  nrf_drv_gpiote.o(i.GPIOTE_IRQHandler)
    SystemInit                               0x00000621   Thumb Code   562  system_nrf52.o(i.SystemInit)
    UARTE0_UART0_IRQHandler                  0x0000087d   Thumb Code    14  nrf_drv_uart.o(i.UARTE0_UART0_IRQHandler)
    __0printf$1                              0x00000891   Thumb Code    22  printf1.o(i.__0printf$1)
    __1printf$1                              0x00000891   Thumb Code     0  printf1.o(i.__0printf$1)
    __2printf                                0x00000891   Thumb Code     0  printf1.o(i.__0printf$1)
    __scatterload_copy                       0x000008b1   Thumb Code    14  handlers.o(i.__scatterload_copy)
    __scatterload_null                       0x000008bf   Thumb Code     2  handlers.o(i.__scatterload_null)
    __scatterload_zeroinit                   0x000008c1   Thumb Code    14  handlers.o(i.__scatterload_zeroinit)
    app_error_fault_handler                  0x00000a25   Thumb Code    26  app_error.o(i.app_error_fault_handler)
    app_error_handler_bare                   0x00000a49   Thumb Code    20  app_error.o(i.app_error_handler_bare)
    app_fifo_get                             0x00000a5d   Thumb Code    22  app_fifo.o(i.app_fifo_get)
    app_fifo_init                            0x00000a73   Thumb Code    32  app_fifo.o(i.app_fifo_init)
    app_fifo_put                             0x00000a93   Thumb Code    26  app_fifo.o(i.app_fifo_put)
    app_uart_init                            0x00000aad   Thumb Code   146  app_uart_fifo.o(i.app_uart_init)
    app_uart_put                             0x00000b51   Thumb Code    34  app_uart_fifo.o(i.app_uart_put)
    fputc                                    0x00000c8f   Thumb Code    14  retarget.o(i.fputc)
    in_pin_handler                           0x00000c9d   Thumb Code    30  main.o(i.in_pin_handler)
    main                                     0x00000cd1   Thumb Code   160  main.o(i.main)
    nrf_delay_ms                             0x00000e75   Thumb Code    26  nrf_delay.o(i.nrf_delay_ms)
    nrf_drv_common_irq_enable                0x00000e8f   Thumb Code    56  nrf_drv_common.o(i.nrf_drv_common_irq_enable)
    nrf_drv_gpiote_in_event_enable           0x00000ec9   Thumb Code   150  nrf_drv_gpiote.o(i.nrf_drv_gpiote_in_event_enable)
    nrf_drv_gpiote_in_init                   0x00000f6d   Thumb Code   170  nrf_drv_gpiote.o(i.nrf_drv_gpiote_in_init)
    nrf_drv_gpiote_in_is_set                 0x00001025   Thumb Code    16  nrf_drv_gpiote.o(i.nrf_drv_gpiote_in_is_set)
    nrf_drv_gpiote_init                      0x00001039   Thumb Code    76  nrf_drv_gpiote.o(i.nrf_drv_gpiote_init)
    nrf_drv_gpiote_is_init                   0x0000108d   Thumb Code    14  nrf_drv_gpiote.o(i.nrf_drv_gpiote_is_init)
    nrf_drv_uart_init                        0x000010a1   Thumb Code   126  nrf_drv_uart.o(i.nrf_drv_uart_init)
    nrf_drv_uart_rx                          0x00001135   Thumb Code   132  nrf_drv_uart.o(i.nrf_drv_uart_rx)
    nrf_drv_uart_rx_enable                   0x000011c1   Thumb Code    26  nrf_drv_uart.o(i.nrf_drv_uart_rx_enable)
    nrf_drv_uart_tx                          0x0000130d   Thumb Code   128  nrf_drv_uart.o(i.nrf_drv_uart_tx)
    uart_error_handle                        0x000015c1   Thumb Code    18  main.o(i.uart_error_handle)
    uart_init                                0x0000167d   Thumb Code    56  main.o(i.uart_init)
    Region$$Table$$Base                      0x000018f4   Number         0  anon$$obj.o(Region$$Table)
    Region$$Table$$Limit                     0x00001914   Number         0  anon$$obj.o(Region$$Table)
    SystemCoreClock                          0x20000004   Data           4  system_nrf52.o(.data)
    __stdout                                 0x20000010   Data           4  retarget.o(.data)
    __initial_sp                             0x200021a0   Data           0  arm_startup_nrf52.o(STACK)



==============================================================================

Memory Map of the image

  Image Entry point : 0x00000401

  Load Region LR_IROM1 (Base: 0x00000000, Size: 0x00001928, Max: 0x00080000, ABSOLUTE)

    Execution Region ER_IROM1 (Base: 0x00000000, Size: 0x00001914, Max: 0x00080000, ABSOLUTE)

    Base Addr    Size         Type   Attr      Idx    E Section Name        Object

    0x00000000   0x00000400   Data   RO          151    RESET               arm_startup_nrf52.o
    0x00000400   0x00000000   Code   RO          972  * .ARM.Collect$$$$00000000  mc_w.l(entry.o)
    0x00000400   0x00000004   Code   RO         1240    .ARM.Collect$$$$00000001  mc_w.l(entry2.o)
    0x00000404   0x00000004   Code   RO         1243    .ARM.Collect$$$$00000004  mc_w.l(entry5.o)
    0x00000408   0x00000000   Code   RO         1245    .ARM.Collect$$$$00000008  mc_w.l(entry7b.o)
    0x00000408   0x00000000   Code   RO         1247    .ARM.Collect$$$$0000000A  mc_w.l(entry8b.o)
    0x00000408   0x00000008   Code   RO         1248    .ARM.Collect$$$$0000000B  mc_w.l(entry9a.o)
    0x00000410   0x00000000   Code   RO         1250    .ARM.Collect$$$$0000000D  mc_w.l(entry10a.o)
    0x00000410   0x00000000   Code   RO         1252    .ARM.Collect$$$$0000000F  mc_w.l(entry11a.o)
    0x00000410   0x00000004   Code   RO         1241    .ARM.Collect$$$$00002712  mc_w.l(entry2.o)
    0x00000414   0x00000076   Code   RO          240    .emb_text           nrf_delay.o
    0x0000048a   0x00000002   PAD
    0x0000048c   0x00000024   Code   RO          152    .text               arm_startup_nrf52.o
    0x000004b0   0x00000024   Code   RO          975    .text               mc_w.l(memcpya.o)
    0x000004d4   0x0000002c   Code   RO         1254    .text               mc_w.l(uidiv.o)
    0x00000500   0x00000024   Code   RO         1269    .text               mc_w.l(init.o)
    0x00000524   0x000000fc   Code   RO          558    i.GPIOTE_IRQHandler  nrf_drv_gpiote.o
    0x00000620   0x0000025c   Code   RO          160    i.SystemInit        system_nrf52.o
    0x0000087c   0x00000014   Code   RO          268    i.UARTE0_UART0_IRQHandler  nrf_drv_uart.o
    0x00000890   0x00000020   Code   RO         1024    i.__0printf$1       mc_w.l(printf1.o)
    0x000008b0   0x0000000e   Code   RO         1281    i.__scatterload_copy  mc_w.l(handlers.o)
    0x000008be   0x00000002   Code   RO         1282    i.__scatterload_null  mc_w.l(handlers.o)
    0x000008c0   0x0000000e   Code   RO         1283    i.__scatterload_zeroinit  mc_w.l(handlers.o)
    0x000008ce   0x00000002   PAD
    0x000008d0   0x00000154   Code   RO         1031    i._printf_core      mc_w.l(printf1.o)
    0x00000a24   0x00000024   Code   RO          757    i.app_error_fault_handler  app_error.o
    0x00000a48   0x00000014   Code   RO          759    i.app_error_handler_bare  app_error.o
    0x00000a5c   0x00000016   Code   RO          815    i.app_fifo_get      app_fifo.o
    0x00000a72   0x00000020   Code   RO          816    i.app_fifo_init     app_fifo.o
    0x00000a92   0x0000001a   Code   RO          817    i.app_fifo_put      app_fifo.o
    0x00000aac   0x000000a4   Code   RO          466    i.app_uart_init     app_uart_fifo.o
    0x00000b50   0x0000002c   Code   RO          467    i.app_uart_put      app_uart_fifo.o
    0x00000b7c   0x00000078   Code   RO          269    i.apply_config      nrf_drv_uart.o
    0x00000bf4   0x0000001c   Code   RO          559    i.channel_free      nrf_drv_gpiote.o
    0x00000c10   0x00000048   Code   RO          560    i.channel_port_alloc  nrf_drv_gpiote.o
    0x00000c58   0x00000010   Code   RO          561    i.channel_port_get  nrf_drv_gpiote.o
    0x00000c68   0x00000014   Code   RO          820    i.fifo_get          app_fifo.o
    0x00000c7c   0x00000012   Code   RO          821    i.fifo_put          app_fifo.o
    0x00000c8e   0x0000000e   Code   RO          938    i.fputc             retarget.o
    0x00000c9c   0x00000034   Code   RO            5    i.in_pin_handler    main.o
    0x00000cd0   0x000001a4   Code   RO            6    i.main              main.o
    0x00000e74   0x0000001a   Code   RO          241    i.nrf_delay_ms      nrf_delay.o
    0x00000e8e   0x00000038   Code   RO          202    i.nrf_drv_common_irq_enable  nrf_drv_common.o
    0x00000ec6   0x00000002   PAD
    0x00000ec8   0x000000a4   Code   RO          564    i.nrf_drv_gpiote_in_event_enable  nrf_drv_gpiote.o
    0x00000f6c   0x000000b8   Code   RO          565    i.nrf_drv_gpiote_in_init  nrf_drv_gpiote.o
    0x00001024   0x00000014   Code   RO          566    i.nrf_drv_gpiote_in_is_set  nrf_drv_gpiote.o
    0x00001038   0x00000054   Code   RO          568    i.nrf_drv_gpiote_init  nrf_drv_gpiote.o
    0x0000108c   0x00000014   Code   RO          569    i.nrf_drv_gpiote_is_init  nrf_drv_gpiote.o
    0x000010a0   0x00000094   Code   RO          271    i.nrf_drv_uart_init  nrf_drv_uart.o
    0x00001134   0x0000008c   Code   RO          272    i.nrf_drv_uart_rx   nrf_drv_uart.o
    0x000011c0   0x00000020   Code   RO          275    i.nrf_drv_uart_rx_enable  nrf_drv_uart.o
    0x000011e0   0x0000009c   Code   RO          276    i.nrf_drv_uart_rx_for_uart  nrf_drv_uart.o
    0x0000127c   0x00000090   Code   RO          277    i.nrf_drv_uart_rx_for_uarte  nrf_drv_uart.o
    0x0000130c   0x00000088   Code   RO          278    i.nrf_drv_uart_tx   nrf_drv_uart.o
    0x00001394   0x00000080   Code   RO          280    i.nrf_drv_uart_tx_for_uart  nrf_drv_uart.o
    0x00001414   0x00000022   Code   RO          282    i.nrf_gpio_cfg      nrf_drv_uart.o
    0x00001436   0x00000022   Code   RO          581    i.nrf_gpio_cfg      nrf_drv_gpiote.o
    0x00001458   0x00000012   Code   RO          284    i.nrf_gpio_cfg_input  nrf_drv_uart.o
    0x0000146a   0x00000014   Code   RO          285    i.nrf_gpio_cfg_output  nrf_drv_uart.o
    0x0000147e   0x0000001c   Code   RO          583    i.nrf_gpio_cfg_sense_set  nrf_drv_gpiote.o
    0x0000149a   0x00000002   PAD
    0x0000149c   0x00000014   Code   RO          584    i.nrf_gpiote_event_clear  nrf_drv_gpiote.o
    0x000014b0   0x00000010   Code   RO          585    i.nrf_gpiote_event_is_set  nrf_drv_gpiote.o
    0x000014c0   0x0000000a   Code   RO          286    i.nrf_uart_event_check  nrf_drv_uart.o
    0x000014ca   0x0000000c   Code   RO          287    i.nrf_uart_int_enable_check  nrf_drv_uart.o
    0x000014d6   0x0000000a   Code   RO          288    i.nrf_uarte_event_check  nrf_drv_uart.o
    0x000014e0   0x00000018   Code   RO          586    i.pin_in_use_by_port  nrf_drv_gpiote.o
    0x000014f8   0x00000018   Code   RO          587    i.pin_in_use_by_te  nrf_drv_gpiote.o
    0x00001510   0x00000030   Code   RO          290    i.rx_byte           nrf_drv_uart.o
    0x00001540   0x00000020   Code   RO          291    i.rx_done_event     nrf_drv_uart.o
    0x00001560   0x00000018   Code   RO          292    i.rx_enable         nrf_drv_uart.o
    0x00001578   0x00000024   Code   RO          293    i.tx_byte           nrf_drv_uart.o
    0x0000159c   0x00000024   Code   RO          294    i.tx_done_event     nrf_drv_uart.o
    0x000015c0   0x00000012   Code   RO            7    i.uart_error_handle  main.o
    0x000015d2   0x00000002   PAD
    0x000015d4   0x000000a8   Code   RO          468    i.uart_event_handler  app_uart_fifo.o
    0x0000167c   0x00000048   Code   RO            8    i.uart_init         main.o
    0x000016c4   0x00000108   Code   RO          295    i.uart_irq_handler  nrf_drv_uart.o
    0x000017cc   0x000000d8   Code   RO          296    i.uarte_irq_handler  nrf_drv_uart.o
    0x000018a4   0x00000010   Data   RO           10    .constdata          main.o
    0x000018b4   0x00000020   Data   RO          298    .constdata          nrf_drv_uart.o
    0x000018d4   0x00000020   Data   RO          470    .constdata          app_uart_fifo.o
    0x000018f4   0x00000020   Data   RO         1279    Region$$Table       anon$$obj.o


    Execution Region RW_IRAM1 (Base: 0x20000000, Size: 0x000021a0, Max: 0x00008000, ABSOLUTE)

    Base Addr    Size         Type   Attr      Idx    E Section Name        Object

    0x20000000   0x00000001   Data   RW           11    .data               main.o
    0x20000001   0x00000003   PAD
    0x20000004   0x00000004   Data   RW          161    .data               system_nrf52.o
    0x20000008   0x00000008   Data   RW          471    .data               app_uart_fifo.o
    0x20000010   0x00000004   Data   RW          939    .data               retarget.o
    0x20000014   0x00000100   Zero   RW            9    .bss                main.o
    0x20000114   0x00000020   Zero   RW          297    .bss                nrf_drv_uart.o
    0x20000134   0x00000020   Zero   RW          469    .bss                app_uart_fifo.o
    0x20000154   0x00000048   Zero   RW          588    .bss                nrf_drv_gpiote.o
    0x2000019c   0x00000004   PAD
    0x200001a0   0x00002000   Zero   RW          149    STACK               arm_startup_nrf52.o


==============================================================================

Image component sizes


      Code (inc. data)   RO Data    RW Data    ZI Data      Debug   Object Name

        56         10          0          0          0       2735   app_error.o
       118          0          0          0          0       4378   app_fifo.o
       376         36         32          8         32      11319   app_uart_fifo.o
        36         10       1024          0       8192        828   arm_startup_nrf52.o
       562        298         16          1        256      51172   main.o
       144          0          0          0          0       1787   nrf_delay.o
        56          0          0          0          0      27479   nrf_drv_common.o
       986         94          0          0         72      22920   nrf_drv_gpiote.o
      1784        144         32          0         32      34359   nrf_drv_uart.o
        14          0          0          4          0       2746   retarget.o
       604         42          0          4          0      28890   system_nrf52.o

    ----------------------------------------------------------------------
      4744        634       1136         20       8588     188613   Object Totals
         0          0         32          0          0          0   (incl. Generated)
         8          0          0          3          4          0   (incl. Padding)

    ----------------------------------------------------------------------

      Code (inc. data)   RO Data    RW Data    ZI Data      Debug   Library Member Name

         0          0          0          0          0          0   entry.o
         0          0          0          0          0          0   entry10a.o
         0          0          0          0          0          0   entry11a.o
         8          4          0          0          0          0   entry2.o
         4          0          0          0          0          0   entry5.o
         0          0          0          0          0          0   entry7b.o
         0          0          0          0          0          0   entry8b.o
         8          4          0          0          0          0   entry9a.o
        30          0          0          0          0          0   handlers.o
        36          8          0          0          0         68   init.o
        36          0          0          0          0         68   memcpya.o
       372         14          0          0          0        184   printf1.o
        44          0          0          0          0         80   uidiv.o

    ----------------------------------------------------------------------
       540         30          0          0          0        400   Library Totals
         2          0          0          0          0          0   (incl. Padding)

    ----------------------------------------------------------------------

      Code (inc. data)   RO Data    RW Data    ZI Data      Debug   Library Name

       538         30          0          0          0        400   mc_w.l

    ----------------------------------------------------------------------
       540         30          0          0          0        400   Library Totals

    ----------------------------------------------------------------------

==============================================================================


      Code (inc. data)   RO Data    RW Data    ZI Data      Debug   

      5284        664       1136         20       8588     184013   Grand Totals
      5284        664       1136         20       8588     184013   ELF Image Totals
      5284        664       1136         20          0          0   ROM Totals

==============================================================================

    Total RO  Size (Code + RO Data)                 6420 (   6.27kB)
    Total RW  Size (RW Data + ZI Data)              8608 (   8.41kB)
    Total ROM Size (Code + RO Data + RW Data)       6440 (   6.29kB)

==============================================================================

